Microchip Technology Inc, vv1.24 (0)

Tool Name:
  c:\program files (x86)\microchip\xc16\v1.24\bin\bin\..\bin/elf-ld.exe

Command:
  -p24FJ256DA210 \
  -o \
  dist/default/production/controleDeAcesso.production.elf \
  -Lc:/program files (x86)/microchip/xc16/v1.24/bin/bin/.. \
  -Lc:/program files (x86)/microchip/xc16/v1.24/bin/bin/../../lib \
  -Lc:/program files (x86)/microchip/xc16/v1.24/bin/bin/../../lib/PIC24E \
  -Lc:/program files (x86)/microchip/xc16/v1.24/bin/bin/../../support/PIC24E/gld \
  -Lc:/program files (x86)/microchip/xc16/v1.24/bin/bin/../../lib/PIC24F \
  -Lc:/program files (x86)/microchip/xc16/v1.24/bin/bin/../../support/PIC24F/gld \
  -Lc:/program files (x86)/microchip/xc16/v1.24/bin/bin/../../lib/PIC24H \
  -Lc:/program files (x86)/microchip/xc16/v1.24/bin/bin/../../support/PIC24H/gld \
  -Lc:/program files (x86)/microchip/xc16/v1.24/bin/bin/../../lib/dsPIC30F \
  -Lc:/program files (x86)/microchip/xc16/v1.24/bin/bin/../../support/dsPIC30F/gld \
  -Lc:/program files (x86)/microchip/xc16/v1.24/bin/bin/../../lib/dsPIC33E \
  -Lc:/program files (x86)/microchip/xc16/v1.24/bin/bin/../../support/dsPIC33E/gld \
  -Lc:/program files (x86)/microchip/xc16/v1.24/bin/bin/../../lib/dsPIC33F \
  -Lc:/program files (x86)/microchip/xc16/v1.24/bin/bin/../../support/dsPIC33F/gld \
  build/default/production/src/tags.o \
  build/default/production/src/tuner.o \
  build/default/production/src/portal.o \
  build/default/production/src/empilhadeira.o \
  build/default/production/src/platform.o \
  build/default/production/src/perifericos.o \
  build/default/production/src/FSM_DataHora.o \
  build/default/production/src/FSM_ESP8266.o \
  build/default/production/src/FSM_Ethernet.o \
  build/default/production/src/FSM_EventosDeParada.o \
  build/default/production/src/FSM_TabelaDeExclusao.o \
  build/default/production/src/setup_usb.o \
  build/default/production/src/rtc.o \
  build/default/production/src/spi_driver.o \
  build/default/production/src/timer.o \
  build/default/production/src/i2c.o \
  build/default/production/src/config_i2c3.o \
  build/default/production/src/mem_i2c_24LC256.o \
  build/default/production/src/uart_driver.o \
  build/default/production/src/usb_device.o \
  build/default/production/src/usb_descriptors.o \
  build/default/production/src/usb_function_generic.o \
  build/default/production/src/usb_hid_stream_driver.o \
  build/default/production/src/usb_hal_pic24.o \
  build/default/production/src/usb_function_hid.o \
  build/default/production/src/appl_commands.o \
  build/default/production/src/appl_commands_table.o \
  build/default/production/src/as3993.o \
  build/default/production/src/gen2.o \
  build/default/production/src/global.o \
  build/default/production/src/main.o \
  build/default/production/src/tabelaDeExclusao.o \
  build/default/production/src/bootloadable.o \
  build/default/production/src/stream_dispatcher.o \
  build/default/production/src/weak_stream_functions.o \
  build/default/production/src/spi1.o \
  --local-stack \
  --defsym=__MPLAB_BUILD=1 \
  -Tp24FJ256DA210.gld.00 \
  --heap=100 \
  --no-check-sections \
  --data-init \
  --pack-data \
  --handles \
  --isr \
  --gc-sections \
  --fill-upper=0 \
  --stackguard=16 \
  --no-force-link \
  --smart-io \
  -Map=dist/default/production/controleDeAcesso.production.map \
  --report-mem \
  -start-group \
  --library=pic30-elf \
  --library=m-elf \
  --library=c-elf \
  -end-group \

Archive member included because of file (symbol)

c:/program files (x86)/microchip/xc16/v1.24/bin/bin/../../lib/PIC24F\libpPIC24Fxxx-elf.a(DataRdyUART1.o)
                              build/default/production/src/uart_driver.o (_DataRdyUART1)
c:/program files (x86)/microchip/xc16/v1.24/bin/bin/../../lib/PIC24F\libpPIC24Fxxx-elf.a(DataRdyUART2.o)
                              build/default/production/src/uart_driver.o (_DataRdyUART2)
c:/program files (x86)/microchip/xc16/v1.24/bin/bin/../../lib/PIC24F\libpPIC24Fxxx-elf.a(DataRdyUART3.o)
                              build/default/production/src/uart_driver.o (_DataRdyUART3)
c:/program files (x86)/microchip/xc16/v1.24/bin/bin/../../lib/PIC24F\libpPIC24Fxxx-elf.a(DataRdyUART4.o)
                              build/default/production/src/uart_driver.o (_DataRdyUART4)
c:/program files (x86)/microchip/xc16/v1.24/bin/bin/../../lib/PIC24F\libpPIC24Fxxx-elf.a(ReadUART1.o)
                              build/default/production/src/uart_driver.o (_ReadUART1)
c:/program files (x86)/microchip/xc16/v1.24/bin/bin/../../lib/PIC24F\libpPIC24Fxxx-elf.a(ReadUART2.o)
                              build/default/production/src/uart_driver.o (_ReadUART2)
c:/program files (x86)/microchip/xc16/v1.24/bin/bin/../../lib/PIC24F\libpPIC24Fxxx-elf.a(ReadUART3.o)
                              build/default/production/src/uart_driver.o (_ReadUART3)
c:/program files (x86)/microchip/xc16/v1.24/bin/bin/../../lib/PIC24F\libpPIC24Fxxx-elf.a(ReadUART4.o)
[...]
Memory Configuration

Name             Origin             Length             Attributes
data             0x000800           0x018000           a !xr
reset            0x000000           0x000004  
ivt              0x000004           0x0000fc  
_reserved        0x000100           0x000004  
aivt             0x000104           0x0000fc  
program          0x000200           0x02a9f6           xr
CONFIG4          0x02abf8           0x000002  
CONFIG3          0x02abfa           0x000002  
CONFIG2          0x02abfc           0x000002  
CONFIG1          0x02abfe           0x000002  
*default*        0x000000           0xffffffff  

Linker script and memory map

LOAD build/default/production/src/tags.o
LOAD build/default/production/src/tuner.o
LOAD build/default/production/src/portal.o
LOAD build/default/production/src/empilhadeira.o
LOAD build/default/production/src/platform.o
LOAD build/default/production/src/perifericos.o
LOAD build/default/production/src/FSM_DataHora.o
LOAD build/default/production/src/FSM_ESP8266.o
LOAD build/default/production/src/FSM_Ethernet.o
LOAD build/default/production/src/FSM_EventosDeParada.o
LOAD build/default/production/src/FSM_TabelaDeExclusao.o
LOAD build/default/production/src/setup_usb.o
LOAD build/default/production/src/rtc.o
LOAD build/default/production/src/spi_driver.o
LOAD build/default/production/src/timer.o
LOAD build/default/production/src/i2c.o
LOAD build/default/production/src/config_i2c3.o
LOAD build/default/production/src/mem_i2c_24LC256.o
LOAD build/default/production/src/uart_driver.o
LOAD build/default/production/src/usb_device.o
LOAD build/default/production/src/usb_descriptors.o
LOAD build/default/production/src/usb_function_generic.o
LOAD build/default/production/src/usb_hid_stream_driver.o
LOAD build/default/production/src/usb_hal_pic24.o
LOAD build/default/production/src/usb_function_hid.o
LOAD build/default/production/src/appl_commands.o
LOAD build/default/production/src/appl_commands_table.o
LOAD build/default/production/src/as3993.o
LOAD build/default/production/src/gen2.o
LOAD build/default/production/src/global.o
LOAD build/default/production/src/main.o
LOAD build/default/production/src/tabelaDeExclusao.o
LOAD build/default/production/src/bootloadable.o
LOAD build/default/production/src/stream_dispatcher.o
LOAD build/default/production/src/weak_stream_functions.o
LOAD build/default/production/src/spi1.o
                    0x0001                  __MPLAB_BUILD = 0x1
LOAD c:/program files (x86)/microchip/xc16/v1.24/bin/bin/../../lib/PIC24F\libpPIC24Fxxx-elf.a
                    0x2abf8                  __CONFIG4 = 0x2abf8
                    0x2abfa                  __CONFIG3 = 0x2abfa
                    0x2abfc                  __CONFIG2 = 0x2abfc
                    0x2abfe                  __CONFIG1 = 0x2abfe
                    0x0004                  __IVT_BASE = 0x4
                    0x0104                  __AIVT_BASE = 0x104
                    0x0800                  __DATA_BASE = 0x800
                    0x18000                  __DATA_LENGTH = 0x18000
                    0x0200                  __CODE_BASE = 0x200
                    0x2a9f8                  __CODE_LENGTH = 0x2a9f8

.reset            0x000000          0x4
                  0x000000          0x2 SHORT 0x200 ABSOLUTE (__reset)
                  0x000001          0x2 SHORT 0x4
                  0x000002          0x2 SHORT 0x0 ((ABSOLUTE (__reset) >> 0x10) & 0x7f)
                  0x000003          0x2 SHORT 0x0

.text             0x000200       0x1864
 *(.init)
 .init            0x000200         0x38 c:/program files (x86)/microchip/xc16/v1.24/bin/bin/../../lib\libpic30-elf.a(crt0_extended.o)
                  0x000200                  __resetPRI
                  0x000200                  __reset
                  0x00022c                  __psv_init
 .init            0x000238         0x9a c:/program files (x86)/microchip/xc16/v1.24/bin/bin/../../lib\libpic30-elf.a(data_init_extended.o)
                  0x000238                  __data_init
                  0x000238                  __data_init_extended
 *(.user_init)
 *(.handle)
 .handle          0x0002d2         0x6c jump_table
 *(.isr*)
 .isr             0x00033e          0x4 default_isr
                  0x00033e                  __DefaultInterrupt
 *(.libc)
 .libc            0x000342         0x60 c:/program files (x86)/microchip/xc16/v1.24/bin/bin/../../lib\libpic30-elf.a(write.eo)
                  0x000342                  _write
 *(.libm)
 *(.libdsp)
 *(.lib*)
 .libperi         0x0003a2          0xe c:/program files (x86)/microchip/xc16/v1.24/bin/bin/../../lib/PIC24F\libpPIC24Fxxx-elf.a(DataRdyUART1.o)
                  0x0003a2                  _DataRdyUART1
 .libperi         0x0003b0          0xe c:/program files (x86)/microchip/xc16/v1.24/bin/bin/../../lib/PIC24F\libpPIC24Fxxx-elf.a(DataRdyUART2.o)
                  0x0003b0                  _DataRdyUART2
 .libperi         0x0003be          0xe c:/program files (x86)/microchip/xc16/v1.24/bin/bin/../../lib/PIC24F\libpPIC24Fxxx-elf.a(DataRdyUART3.o)
                  0x0003be                  _DataRdyUART3
 .libperi         0x0003cc          0xe c:/program files (x86)/microchip/xc16/v1.24/bin/bin/../../lib/PIC24F\libpPIC24Fxxx-elf.a(DataRdyUART4.o)
                  0x0003cc                  _DataRdyUART4
 .libperi         0x0003da         0x1a c:/program files (x86)/microchip/xc16/v1.24/bin/bin/../../lib/PIC24F\libpPIC24Fxxx-elf.a(ReadUART1.o)
                  0x0003da                  _ReadUART1
 .libperi         0x0003f4         0x1a c:/program files (x86)/microchip/xc16/v1.24/bin/bin/../../lib/PIC24F\libpPIC24Fxxx-elf.a(ReadUART2.o)
                  0x0003f4                  _ReadUART2
 .libperi         0x00040e         0x1a c:/program files (x86)/microchip/xc16/v1.24/bin/bin/../../lib/PIC24F\libpPIC24Fxxx-elf.a(ReadUART3.o)
                  0x00040e                  _ReadUART3
 .libperi         0x000428         0x1a c:/program files (x86)/microchip/xc16/v1.24/bin/bin/../../lib/PIC24F\libpPIC24Fxxx-elf.a(ReadUART4.o)
                  0x000428                  _ReadUART4
 .libm.eqdf2      0x000442          0xa c:/program files (x86)/microchip/xc16/v1.24/bin/bin/../../lib\libm-elf.a(deqltle.eo)
                  0x000442                  ___eqdf2
                  0x000442                  ___ltdf2
                  0x000442                  ___ledf2
 .libm.gtdf2      0x00044c          0xa c:/program files (x86)/microchip/xc16/v1.24/bin/bin/../../lib\libm-elf.a(dgtge.eo)
                  0x00044c                  ___gtdf2
                  0x00044c                  ___gedf2
 .libm.divdf3     0x000456         0xb4 c:/program files (x86)/microchip/xc16/v1.24/bin/bin/../../lib\libm-elf.a(divdf3.eo)
                  0x000456                  ___divdf3
 .libm.dpack      0x00050a         0x58 c:/program files (x86)/microchip/xc16/v1.24/bin/bin/../../lib\libm-elf.a(dpack.eo)
                  0x00050a                  __dpack
 .libm.dunpack2
                  0x000562         0x32 c:/program files (x86)/microchip/xc16/v1.24/bin/bin/../../lib\libm-elf.a(dunpack2.eo)
                  0x000562                  __dunpack2
                  0x000584                  __dreturnNaN
                  0x00058a                  __dunpack2exit
 .libm.fixdfsi    0x000594         0x58 c:/program files (x86)/microchip/xc16/v1.24/bin/bin/../../lib\libm-elf.a(fixdfsi.eo)
                  0x000594                  _(float, int, long long, double, float, short, int)
 .libm.floatsidf
                  0x0005ec          0x6 c:/program files (x86)/microchip/xc16/v1.24/bin/bin/../../lib\libm-elf.a(floatsidf.eo)
                  0x0005ec                  ___floatsidf
 .libm.floatunsidf
                  0x0005f2          0x4 c:/program files (x86)/microchip/xc16/v1.24/bin/bin/../../lib\libm-elf.a(floatunsidf.eo)
                  0x0005f2                  ___floatunsidf
 .libm.muldf3     0x0005f6         0xea c:/program files (x86)/microchip/xc16/v1.24/bin/bin/../../lib\libm-elf.a(muldf3.eo)
                  0x0005f6                  ___muldf3
 .libm.sqrt       0x0006e0         0xa0 c:/program files (x86)/microchip/xc16/v1.24/bin/bin/../../lib\libm-elf.a(sqrt.eo)
                  0x0006e0                  _sqrtl
                  0x0006e0                  _sqrt
 .libm.udivsi3    0x000780         0x20 c:/program files (x86)/microchip/xc16/v1.24/bin/bin/../../lib\libm-elf.a(udivsi3.eo)
                  0x000780                  ___udivsi3
 .libm.__PplusBdi
                  0x0007a0         0x28 c:/program files (x86)/microchip/xc16/v1.24/bin/bin/../../lib\libm-elf.a(divmoddi3.eo)
 .libm.__PminusBdi
                  0x0007c8         0x4a c:/program files (x86)/microchip/xc16/v1.24/bin/bin/../../lib\libm-elf.a(divmoddi3.eo)
 .libm.__udivmoddi3
                  0x000812         0xe4 c:/program files (x86)/microchip/xc16/v1.24/bin/bin/../../lib\libm-elf.a(divmoddi3.eo)
                  0x000812                  ___udivmoddi3
 .libm.__udivdi3
                  0x0008f6          0xe c:/program files (x86)/microchip/xc16/v1.24/bin/bin/../../lib\libm-elf.a(divmoddi3.eo)
                  0x0008f6                  ___udivdi3
 .libm.__muldi3
                  0x000904         0x52 c:/program files (x86)/microchip/xc16/v1.24/bin/bin/../../lib\libm-elf.a(muldi3.eo)
                  0x000904                  ___muldi3
 .libm.dcompare
                  0x000956         0x52 c:/program files (x86)/microchip/xc16/v1.24/bin/bin/../../lib\libm-elf.a(dcompare.eo)
                  0x000956                  __dcompare
 .libm.dPropagateNaN
                  0x0009a8         0x1c c:/program files (x86)/microchip/xc16/v1.24/bin/bin/../../lib\libm-elf.a(dpropagateNaN.eo)
                  0x0009a8                  __dPropagateNaN
 .libm.dtype      0x0009c4         0x24 c:/program files (x86)/microchip/xc16/v1.24/bin/bin/../../lib\libm-elf.a(dtype.eo)
                  0x0009c4                  __dtype
 .libm.dunpack    0x0009e8         0x4e c:/program files (x86)/microchip/xc16/v1.24/bin/bin/../../lib\libm-elf.a(dunpack.eo)
                  0x0009e8                  __dunpack
 .libm.floatdidf
                  0x000a36         0x20 c:/program files (x86)/microchip/xc16/v1.24/bin/bin/../../lib\libm-elf.a(floatdidf.eo)
                  0x000a36                  ___floatdidf
 .libm.floatundidf
                  0x000a56         0x56 c:/program files (x86)/microchip/xc16/v1.24/bin/bin/../../lib\libm-elf.a(floatundidf.eo)
                  0x000a56                  ___floatundidf
 .libm.umuldi3    0x000aac         0x44 c:/program files (x86)/microchip/xc16/v1.24/bin/bin/../../lib\libm-elf.a(umuldi3.eo)
                  0x000aac                  ___umuldi3
 .libc.atoi       0x000af0         0x3e c:/program files (x86)/microchip/xc16/v1.24/bin/bin/../../lib\libc-elf.a(atoi.eo)
                  0x000af0                  _atoi
 .libc.atol       0x000b2e         0x56 c:/program files (x86)/microchip/xc16/v1.24/bin/bin/../../lib\libc-elf.a(atol.eo)
                  0x000b2e                  _atol
 .libc.dylen      0x000b84         0x26 c:/program files (x86)/microchip/xc16/v1.24/bin/bin/../../lib\libc-elf.a(ctime.eo)
 .libc.gmtime     0x000baa         0x82 c:/program files (x86)/microchip/xc16/v1.24/bin/bin/../../lib\libc-elf.a(ctime.eo)
                  0x000baa                  _gmtime
 .libc.localtime
                  0x000c2c         0x18 c:/program files (x86)/microchip/xc16/v1.24/bin/bin/../../lib\libc-elf.a(ctime.eo)
                  0x000c2c                  _localtime
 .libc.isleap     0x000c44         0x28 c:/program files (x86)/microchip/xc16/v1.24/bin/bin/../../lib\libc-elf.a(mktime.eo)
 .libc.months_to_days
                  0x000c6c         0x10 c:/program files (x86)/microchip/xc16/v1.24/bin/bin/../../lib\libc-elf.a(mktime.eo)
 .libc.years_to_days
                  0x000c7c         0x2c c:/program files (x86)/microchip/xc16/v1.24/bin/bin/../../lib\libc-elf.a(mktime.eo)
 .libc.ymd_to_scalar
                  0x000ca8         0x38 c:/program files (x86)/microchip/xc16/v1.24/bin/bin/../../lib\libc-elf.a(mktime.eo)
 .libc.mktime     0x000ce0         0x84 c:/program files (x86)/microchip/xc16/v1.24/bin/bin/../../lib\libc-elf.a(mktime.eo)
                  0x000ce0                  _mktime
 .libc.memcmp     0x000d64         0x38 c:/program files (x86)/microchip/xc16/v1.24/bin/bin/../../lib\libc-elf.a(memcmp.elo)
                  0x000d64                  _memcmp
 .libc.memcpy     0x000d9c         0x18 c:/program files (x86)/microchip/xc16/v1.24/bin/bin/../../lib\libc-elf.a(memcpy.elo)
                  0x000d9c                  _memcpy
 .libc.memmove    0x000db4         0x42 c:/program files (x86)/microchip/xc16/v1.24/bin/bin/../../lib\libc-elf.a(memmove.elo)
                  0x000db4                  _memmove
 .libc.memset     0x000df6         0x16 c:/program files (x86)/microchip/xc16/v1.24/bin/bin/../../lib\libc-elf.a(memset.elo)
                  0x000df6                  _memset
 .libc.strfmt     0x000e0c         0x82 c:/program files (x86)/microchip/xc16/v1.24/bin/bin/../../lib\libc-elf.a(strftime.elo)
 .libc.strftime
                  0x000e8e        0x266 c:/program files (x86)/microchip/xc16/v1.24/bin/bin/../../lib\libc-elf.a(strftime.elo)
                  0x000e8e                  _strftime
 .libc.strlen     0x0010f4         0x1e c:/program files (x86)/microchip/xc16/v1.24/bin/bin/../../lib\libc-elf.a(strlen.elo)
                  0x0010f4                  _strlen
 .libc.strncmp    0x001112         0x3a c:/program files (x86)/microchip/xc16/v1.24/bin/bin/../../lib\libc-elf.a(strncmp.elo)
                  0x001112                  _strncmp
 .libc.strstr     0x00114c         0x2e c:/program files (x86)/microchip/xc16/v1.24/bin/bin/../../lib\libc-elf.a(strstr.elo)
                  0x00114c                  _strstr
 .libc._dsprintf_cdnopsuxX
                  0x00117a         0x2c c:/program files (x86)/microchip/xc16/v1.24/bin/bin/../../lib\libc-elf.a(sprintf_cdnopsuxX.dXXeo)
                  0x00117a                  __dsprintf_cdnopsuxX
                  0x00117a                  __dsprintf_cdnopuxX
 .libc._dvfprintf_cdnopsuxX
                  0x0011a6        0x736 c:/program files (x86)/microchip/xc16/v1.24/bin/bin/../../lib\libc-elf.a(doprnt_cdnopsuxX.dXXelo)
                  0x0011a6                  __dvfprintf_cdnopuxX
                  0x0011a6                  __dvfprintf_cdnopsuxX
 .libc.strchr     0x0018dc         0x14 c:/program files (x86)/microchip/xc16/v1.24/bin/bin/../../lib\libc-elf.a(strchr.eo)
                  0x0018dc                  _strchr
 .libc.fputc      0x0018f0         0x8e c:/program files (x86)/microchip/xc16/v1.24/bin/bin/../../lib\libc-elf.a(fputc.elo)
                  0x0018f0                  _fputc
 .libc._flsbuf    0x00197e         0x94 c:/program files (x86)/microchip/xc16/v1.24/bin/bin/../../lib\libc-elf.a(flsbuf.elo)
                  0x00197e                  __flsbuf
 .libc.dowrite    0x001a12          0x4 c:/program files (x86)/microchip/xc16/v1.24/bin/bin/../../lib\libpic30-elf.a(write.eo)
 .libm.divsi3     0x001a16         0x1e c:/program files (x86)/microchip/xc16/v1.24/bin/bin/../../lib\libm-elf.a(divsi3.eo)
                  0x001a16                  ___divsi3
 .libm.modsi3     0x001a34         0x1e c:/program files (x86)/microchip/xc16/v1.24/bin/bin/../../lib\libm-elf.a(modsi3.eo)
                  0x001a34                  ___modsi3
 .libm.umodsi3    0x001a52          0x6 c:/program files (x86)/microchip/xc16/v1.24/bin/bin/../../lib\libm-elf.a(umodsi3.eo)
                  0x001a52                  ___umodsi3
 .libm.mulsi3     0x001a58          0xc c:/program files (x86)/microchip/xc16/v1.24/bin/bin/../../lib\libm-elf.a(mulsi3.eo)
                  0x001a58                  ___mulp32peds3
                  0x001a58                  ___mulsi3
                  0x001a58                  ___mulp32eds3

usercode
 *(usercode)

__CONFIG4
 *(__CONFIG4.sec*)

__CONFIG3         0x02abfa          0x2
 *(__CONFIG3.sec*)
 __CONFIG3.sec    0x02abfa          0x2 build/default/production/src/main.o

__CONFIG2         0x02abfc          0x2
 *(__CONFIG2.sec*)
 __CONFIG2.sec    0x02abfc          0x2 build/default/production/src/main.o

__CONFIG1         0x02abfe          0x2
 *(__CONFIG1.sec*)
 __CONFIG1.sec    0x02abfe          0x2 build/default/production/src/main.o

.comment
 *(.comment)

.debug_info       0x000000      0x1fd88
 *(.debug_info)
 .debug_info      0x000000        0x56d build/default/production/src/tags.o
 .debug_info      0x00056d        0x87b build/default/production/src/tuner.o
 .debug_info      0x000de8       0x1cde build/default/production/src/portal.o
 .debug_info      0x002ac6       0x31f6 build/default/production/src/empilhadeira.o
 .debug_info      0x005cbc       0x2706 build/default/production/src/platform.o
 .debug_info      0x0083c2       0x1472 build/default/production/src/perifericos.o
 .debug_info      0x009834        0x600 build/default/production/src/FSM_DataHora.o
 .debug_info      0x009e34        0xc37 build/default/production/src/FSM_ESP8266.o
 .debug_info      0x00aa6b        0x3f1 build/default/production/src/FSM_Ethernet.o
 .debug_info      0x00ae5c        0x76e build/default/production/src/FSM_EventosDeParada.o
 .debug_info      0x00b5ca        0x669 build/default/production/src/FSM_TabelaDeExclusao.o
 .debug_info      0x00bc33       0x21d4 build/default/production/src/setup_usb.o
 .debug_info      0x00de07        0xb54 build/default/production/src/rtc.o
 .debug_info      0x00e95b        0x951 build/default/production/src/timer.o
 .debug_info      0x00f2ac       0x1015 build/default/production/src/i2c.o
 .debug_info      0x0102c1        0x590 build/default/production/src/config_i2c3.o
 .debug_info      0x010851        0x585 build/default/production/src/mem_i2c_24LC256.o
 .debug_info      0x010dd6       0x20f0 build/default/production/src/uart_driver.o
 .debug_info      0x012ec6       0x2727 build/default/production/src/usb_device.o
 .debug_info      0x0155ed        0x7de build/default/production/src/usb_descriptors.o
 .debug_info      0x015dcb        0x153 build/default/production/src/usb_function_generic.o
 .debug_info      0x015f1e        0xe39 build/default/production/src/usb_hid_stream_driver.o
 .debug_info      0x016d57        0x9c1 build/default/production/src/usb_hal_pic24.o
 .debug_info      0x017718        0xc79 build/default/production/src/usb_function_hid.o
 .debug_info      0x018391       0x1b83 build/default/production/src/appl_commands.o
 .debug_info      0x019f14        0x1e3 build/default/production/src/appl_commands_table.o
 .debug_info      0x01a0f7       0x14c5 build/default/production/src/as3993.o
 .debug_info      0x01b5bc        0xfb2 build/default/production/src/gen2.o
 .debug_info      0x01c56e        0x3ac build/default/production/src/global.o
 .debug_info      0x01c91a       0x155d build/default/production/src/main.o
 .debug_info      0x01de77        0x35e build/default/production/src/tabelaDeExclusao.o
 .debug_info      0x01e1d5        0x113 build/default/production/src/bootloadable.o
 .debug_info      0x01e2e8        0xb05 build/default/production/src/stream_dispatcher.o
 .debug_info      0x01eded        0x697 build/default/production/src/weak_stream_functions.o
 .debug_info      0x01f484        0x904 build/default/production/src/spi1.o
 *(.gnu.linkonce.wi.*)

.debug_abbrev     0x000000       0x31b3
 *(.debug_abbrev)
 .debug_abbrev    0x000000        0x154 build/default/production/src/tags.o
 .debug_abbrev    0x000154        0x163 build/default/production/src/tuner.o
 .debug_abbrev    0x0002b7        0x289 build/default/production/src/portal.o
 .debug_abbrev    0x000540        0x2fc build/default/production/src/empilhadeira.o
 .debug_abbrev    0x00083c        0x145 build/default/production/src/platform.o
 .debug_abbrev    0x000981         0xfa build/default/production/src/perifericos.o
 .debug_abbrev    0x000a7b         0xef build/default/production/src/FSM_DataHora.o
 .debug_abbrev    0x000b6a        0x181 build/default/production/src/FSM_ESP8266.o
 .debug_abbrev    0x000ceb         0xdd build/default/production/src/FSM_Ethernet.o
 .debug_abbrev    0x000dc8        0x167 build/default/production/src/FSM_EventosDeParada.o
 .debug_abbrev    0x000f2f        0x121 build/default/production/src/FSM_TabelaDeExclusao.o
 .debug_abbrev    0x001050        0x184 build/default/production/src/setup_usb.o
 .debug_abbrev    0x0011d4        0x221 build/default/production/src/rtc.o
 .debug_abbrev    0x0013f5          0x1 build/default/production/src/spi_driver.o
 .debug_abbrev    0x0013f6         0xfc build/default/production/src/timer.o
 .debug_abbrev    0x0014f2        0x1de build/default/production/src/i2c.o
 .debug_abbrev    0x0016d0         0xfe build/default/production/src/config_i2c3.o
 .debug_abbrev    0x0017ce        0x124 build/default/production/src/mem_i2c_24LC256.o
 .debug_abbrev    0x0018f2        0x22b build/default/production/src/uart_driver.o
 .debug_abbrev    0x001b1d        0x245 build/default/production/src/usb_device.o
 .debug_abbrev    0x001d62        0x100 build/default/production/src/usb_descriptors.o
 .debug_abbrev    0x001e62         0x1f build/default/production/src/usb_function_generic.o
 .debug_abbrev    0x001e81        0x1f5 build/default/production/src/usb_hid_stream_driver.o
 .debug_abbrev    0x002076        0x10b build/default/production/src/usb_hal_pic24.o
 .debug_abbrev    0x002181        0x137 build/default/production/src/usb_function_hid.o
 .debug_abbrev    0x0022b8        0x29b build/default/production/src/appl_commands.o
 .debug_abbrev    0x002553         0x84 build/default/production/src/appl_commands_table.o
 .debug_abbrev    0x0025d7        0x1df build/default/production/src/as3993.o
 .debug_abbrev    0x0027b6        0x202 build/default/production/src/gen2.o
 .debug_abbrev    0x0029b8         0x9a build/default/production/src/global.o
 .debug_abbrev    0x002a52        0x21f build/default/production/src/main.o
 .debug_abbrev    0x002c71        0x122 build/default/production/src/tabelaDeExclusao.o
 .debug_abbrev    0x002d93         0x4a build/default/production/src/bootloadable.o
 .debug_abbrev    0x002ddd        0x187 build/default/production/src/stream_dispatcher.o
 .debug_abbrev    0x002f64         0xf7 build/default/production/src/weak_stream_functions.o
 .debug_abbrev    0x00305b        0x158 build/default/production/src/spi1.o

.debug_line       0x000000      0x136e0
 *(.debug_line)
 .debug_line      0x000000        0x3eb build/default/production/src/tags.o
 .debug_line      0x0003eb        0x77c build/default/production/src/tuner.o
 .debug_line      0x000b67       0x105c build/default/production/src/portal.o
 .debug_line      0x001bc3       0x2725 build/default/production/src/empilhadeira.o
 .debug_line      0x0042e8        0x690 build/default/production/src/platform.o
 .debug_line      0x004978        0x978 build/default/production/src/perifericos.o
 .debug_line      0x0052f0        0x452 build/default/production/src/FSM_DataHora.o
 .debug_line      0x005742        0xc98 build/default/production/src/FSM_ESP8266.o
 .debug_line      0x0063da        0x2f2 build/default/production/src/FSM_Ethernet.o
 .debug_line      0x0066cc        0x96d build/default/production/src/FSM_EventosDeParada.o
 .debug_line      0x007039        0x5b8 build/default/production/src/FSM_TabelaDeExclusao.o
 .debug_line      0x0075f1       0x23e7 build/default/production/src/setup_usb.o
 .debug_line      0x0099d8        0x823 build/default/production/src/rtc.o
 .debug_line      0x00a1fb         0x24 build/default/production/src/spi_driver.o
 .debug_line      0x00a21f        0x1cb build/default/production/src/timer.o
 .debug_line      0x00a3ea        0xb3d build/default/production/src/i2c.o
 .debug_line      0x00af27        0x1ce build/default/production/src/config_i2c3.o
 .debug_line      0x00b0f5        0x2a8 build/default/production/src/mem_i2c_24LC256.o
 .debug_line      0x00b39d        0xb19 build/default/production/src/uart_driver.o
 .debug_line      0x00beb6        0xf4b build/default/production/src/usb_device.o
 .debug_line      0x00ce01         0x85 build/default/production/src/usb_descriptors.o
 .debug_line      0x00ce86         0x24 build/default/production/src/usb_function_generic.o
 .debug_line      0x00ceaa        0x5b5 build/default/production/src/usb_hid_stream_driver.o
 .debug_line      0x00d45f        0x135 build/default/production/src/usb_hal_pic24.o
 .debug_line      0x00d594        0x1a8 build/default/production/src/usb_function_hid.o
 .debug_line      0x00d73c       0x215c build/default/production/src/appl_commands.o
 .debug_line      0x00f898         0x63 build/default/production/src/appl_commands_table.o
 .debug_line      0x00f8fb       0x14bd build/default/production/src/as3993.o
 .debug_line      0x010db8       0x108b build/default/production/src/gen2.o
 .debug_line      0x011e43        0x39d build/default/production/src/global.o
 .debug_line      0x0121e0        0x792 build/default/production/src/main.o
 .debug_line      0x012972        0x186 build/default/production/src/tabelaDeExclusao.o
 .debug_line      0x012af8         0x54 build/default/production/src/bootloadable.o
 .debug_line      0x012b4c        0x67c build/default/production/src/stream_dispatcher.o
 .debug_line      0x0131c8        0x243 build/default/production/src/weak_stream_functions.o
 .debug_line      0x01340b        0x2d5 build/default/production/src/spi1.o

.debug_frame      0x000000       0x3a60
 *(.debug_frame)
 .debug_frame     0x000000         0x94 build/default/production/src/tags.o
 .debug_frame     0x000094        0x124 build/default/production/src/tuner.o
 .debug_frame     0x0001b8        0x448 build/default/production/src/portal.o
 .debug_frame     0x000600        0x838 build/default/production/src/empilhadeira.o
 .debug_frame     0x000e38         0x94 build/default/production/src/platform.o
 .debug_frame     0x000ecc        0x2c4 build/default/production/src/perifericos.o
 .debug_frame     0x001190         0xcc build/default/production/src/FSM_DataHora.o
 .debug_frame     0x00125c        0x1b4 build/default/production/src/FSM_ESP8266.o
 .debug_frame     0x001410         0x94 build/default/production/src/FSM_Ethernet.o
 .debug_frame     0x0014a4        0x1b0 build/default/production/src/FSM_EventosDeParada.o
 .debug_frame     0x001654         0xf4 build/default/production/src/FSM_TabelaDeExclusao.o
 .debug_frame     0x001748        0xde8 build/default/production/src/setup_usb.o
 .debug_frame     0x002530        0x140 build/default/production/src/rtc.o
 .debug_frame     0x002670         0x84 build/default/production/src/timer.o
 .debug_frame     0x0026f4        0x148 build/default/production/src/i2c.o
 .debug_frame     0x00283c         0x64 build/default/production/src/config_i2c3.o
 .debug_frame     0x0028a0         0x54 build/default/production/src/mem_i2c_24LC256.o
 .debug_frame     0x0028f4        0x1b4 build/default/production/src/uart_driver.o
 .debug_frame     0x002aa8        0x1a4 build/default/production/src/usb_device.o
 .debug_frame     0x002c4c        0x134 build/default/production/src/usb_hid_stream_driver.o
 .debug_frame     0x002d80         0x24 build/default/production/src/usb_hal_pic24.o
 .debug_frame     0x002da4         0x24 build/default/production/src/usb_function_hid.o
 .debug_frame     0x002dc8        0x404 build/default/production/src/appl_commands.o
 .debug_frame     0x0031cc        0x274 build/default/production/src/as3993.o
 .debug_frame     0x003440        0x164 build/default/production/src/gen2.o
 .debug_frame     0x0035a4         0x64 build/default/production/src/global.o
 .debug_frame     0x003608        0x154 build/default/production/src/main.o
 .debug_frame     0x00375c         0x64 build/default/production/src/tabelaDeExclusao.o
 .debug_frame     0x0037c0         0x24 build/default/production/src/bootloadable.o
 .debug_frame     0x0037e4        0x104 build/default/production/src/stream_dispatcher.o
 .debug_frame     0x0038e8         0xf4 build/default/production/src/weak_stream_functions.o
 .debug_frame     0x0039dc         0x84 build/default/production/src/spi1.o

.debug_str        0x000000       0x1b68
 *(.debug_str)
 .debug_str       0x000000         0x6b build/default/production/src/tags.o
 .debug_str       0x00006b         0x63 build/default/production/src/tuner.o
 .debug_str       0x0000ce        0x274 build/default/production/src/portal.o
 .debug_str       0x000342        0x433 build/default/production/src/empilhadeira.o
 .debug_str       0x000775        0x103 build/default/production/src/platform.o
 .debug_str       0x000878         0x81 build/default/production/src/perifericos.o
 .debug_str       0x0008f9        0x10d build/default/production/src/FSM_DataHora.o
 .debug_str       0x000a06        0x20c build/default/production/src/FSM_ESP8266.o
 .debug_str       0x000c12         0x78 build/default/production/src/FSM_Ethernet.o
 .debug_str       0x000c8a         0xef build/default/production/src/FSM_EventosDeParada.o
 .debug_str       0x000d79        0x10c build/default/production/src/FSM_TabelaDeExclusao.o
 .debug_str       0x000e85        0x2e7 build/default/production/src/setup_usb.o
 .debug_str       0x00116c         0x91 build/default/production/src/rtc.o
 .debug_str       0x0011fd         0x2f build/default/production/src/timer.o
 .debug_str       0x00122c        0x120 build/default/production/src/i2c.o
 .debug_str       0x00134c         0x36 build/default/production/src/config_i2c3.o
 .debug_str       0x001382         0x2a build/default/production/src/mem_i2c_24LC256.o
 .debug_str       0x0013ac        0x1b2 build/default/production/src/uart_driver.o
 .debug_str       0x00155e        0x1a9 build/default/production/src/usb_device.o
 .debug_str       0x001707         0x2a build/default/production/src/usb_descriptors.o
 .debug_str       0x001731         0x24 build/default/production/src/usb_hid_stream_driver.o
 .debug_str       0x001755         0x38 build/default/production/src/usb_hal_pic24.o
 .debug_str       0x00178d         0x64 build/default/production/src/usb_function_hid.o
 .debug_str       0x0017f1         0xab build/default/production/src/appl_commands.o
 .debug_str       0x00189c         0x51 build/default/production/src/as3993.o
 .debug_str       0x0018ed         0xcd build/default/production/src/gen2.o
 .debug_str       0x0019ba         0xac build/default/production/src/main.o
 .debug_str       0x001a66         0x2a build/default/production/src/tabelaDeExclusao.o
 .debug_str       0x001a90         0x4d build/default/production/src/stream_dispatcher.o
 .debug_str       0x001add         0x31 build/default/production/src/weak_stream_functions.o
 .debug_str       0x001b0e         0x5a build/default/production/src/spi1.o

.debug_loc
 *(.debug_loc)

.debug_macinfo
 *(.debug_macinfo)

.debug_pubnames
                  0x000000       0x5c0e
 *(.debug_pubnames)
 .debug_pubnames
                  0x000000         0xb4 build/default/production/src/tags.o
 .debug_pubnames
                  0x0000b4        0x15a build/default/production/src/tuner.o
 .debug_pubnames
                  0x00020e        0xafb build/default/production/src/portal.o
 .debug_pubnames
                  0x000d09       0x125f build/default/production/src/empilhadeira.o
 .debug_pubnames
                  0x001f68         0x7e build/default/production/src/platform.o
 .debug_pubnames
                  0x001fe6        0x312 build/default/production/src/perifericos.o
 .debug_pubnames
                  0x0022f8        0x27e build/default/production/src/FSM_DataHora.o
 .debug_pubnames
                  0x002576        0x460 build/default/production/src/FSM_ESP8266.o
 .debug_pubnames
                  0x0029d6        0x159 build/default/production/src/FSM_Ethernet.o
 .debug_pubnames
                  0x002b2f        0x2b0 build/default/production/src/FSM_EventosDeParada.o
 .debug_pubnames
                  0x002ddf        0x280 build/default/production/src/FSM_TabelaDeExclusao.o
 .debug_pubnames
                  0x00305f        0xd37 build/default/production/src/setup_usb.o
 .debug_pubnames
                  0x003d96        0x1a0 build/default/production/src/rtc.o
 .debug_pubnames
                  0x003f36         0x89 build/default/production/src/timer.o
 .debug_pubnames
                  0x003fbf        0x245 build/default/production/src/i2c.o
 .debug_pubnames
                  0x004204         0x71 build/default/production/src/config_i2c3.o
 .debug_pubnames
                  0x004275         0x72 build/default/production/src/mem_i2c_24LC256.o
 .debug_pubnames
                  0x0042e7        0x2b7 build/default/production/src/uart_driver.o
 .debug_pubnames
                  0x00459e        0x3e2 build/default/production/src/usb_device.o
 .debug_pubnames
                  0x004980         0x81 build/default/production/src/usb_descriptors.o
 .debug_pubnames
                  0x004a01        0x1bd build/default/production/src/usb_hid_stream_driver.o
 .debug_pubnames
                  0x004bbe         0x28 build/default/production/src/usb_hal_pic24.o
 .debug_pubnames
                  0x004be6         0x4b build/default/production/src/usb_function_hid.o
 .debug_pubnames
                  0x004c31        0x44a build/default/production/src/appl_commands.o
 .debug_pubnames
                  0x00507b         0x20 build/default/production/src/appl_commands_table.o
 .debug_pubnames
                  0x00509b        0x3e3 build/default/production/src/as3993.o
 .debug_pubnames
                  0x00547e        0x137 build/default/production/src/gen2.o
 .debug_pubnames
                  0x0055b5         0x6f build/default/production/src/global.o
 .debug_pubnames
                  0x005624        0x282 build/default/production/src/main.o
 .debug_pubnames
                  0x0058a6         0xe2 build/default/production/src/tabelaDeExclusao.o
 .debug_pubnames
                  0x005988         0x3f build/default/production/src/bootloadable.o
 .debug_pubnames
                  0x0059c7         0x7d build/default/production/src/stream_dispatcher.o
 .debug_pubnames
                  0x005a44        0x11c build/default/production/src/weak_stream_functions.o
 .debug_pubnames
                  0x005b60         0xae build/default/production/src/spi1.o

.debug_ranges
 *(.debug_ranges)

.debug_aranges    0x000000        0x308
 *(.debug_aranges)
 .debug_aranges
                  0x000000         0x18 build/default/production/src/tags.o
 .debug_aranges
                  0x000018         0x18 build/default/production/src/tuner.o
 .debug_aranges
                  0x000030         0x18 build/default/production/src/portal.o
 .debug_aranges
                  0x000048         0x18 build/default/production/src/empilhadeira.o
 .debug_aranges
                  0x000060         0x18 build/default/production/src/platform.o
 .debug_aranges
                  0x000078         0x18 build/default/production/src/perifericos.o
 .debug_aranges
                  0x000090         0x18 build/default/production/src/FSM_DataHora.o
 .debug_aranges
                  0x0000a8         0x18 build/default/production/src/FSM_ESP8266.o
 .debug_aranges
                  0x0000c0         0x18 build/default/production/src/FSM_Ethernet.o
 .debug_aranges
                  0x0000d8         0x18 build/default/production/src/FSM_EventosDeParada.o
 .debug_aranges
                  0x0000f0         0x18 build/default/production/src/FSM_TabelaDeExclusao.o
 .debug_aranges
                  0x000108         0x18 build/default/production/src/setup_usb.o
 .debug_aranges
                  0x000120         0x18 build/default/production/src/rtc.o
 .debug_aranges
                  0x000138         0x18 build/default/production/src/timer.o
 .debug_aranges
                  0x000150         0x18 build/default/production/src/i2c.o
 .debug_aranges
                  0x000168         0x18 build/default/production/src/config_i2c3.o
 .debug_aranges
                  0x000180         0x18 build/default/production/src/mem_i2c_24LC256.o
 .debug_aranges
                  0x000198         0x18 build/default/production/src/uart_driver.o
 .debug_aranges
                  0x0001b0         0x18 build/default/production/src/usb_device.o
 .debug_aranges
                  0x0001c8         0x18 build/default/production/src/usb_hid_stream_driver.o
 .debug_aranges
                  0x0001e0         0x18 build/default/production/src/usb_hal_pic24.o
 .debug_aranges
                  0x0001f8         0x18 build/default/production/src/usb_function_hid.o
 .debug_aranges
                  0x000210         0x18 build/default/production/src/appl_commands.o
 .debug_aranges
                  0x000228         0x18 build/default/production/src/as3993.o
 .debug_aranges
                  0x000240         0x18 build/default/production/src/gen2.o
 .debug_aranges
                  0x000258         0x18 build/default/production/src/global.o
 .debug_aranges
                  0x000270         0x18 build/default/production/src/main.o
 .debug_aranges
                  0x000288         0x18 build/default/production/src/tabelaDeExclusao.o
 .debug_aranges
                  0x0002a0         0x20 build/default/production/src/bootloadable.o
 .debug_aranges
                  0x0002c0         0x18 build/default/production/src/stream_dispatcher.o
 .debug_aranges
                  0x0002d8         0x18 build/default/production/src/weak_stream_functions.o
 .debug_aranges
                  0x0002f0         0x18 build/default/production/src/spi1.o

.ivt              0x000004         0xfc
                  0x000004          0x4 LONG 0x33e DEFINED (__ReservedTrap0)?ABSOLUTE (__ReservedTrap0):ABSOLUTE (__DefaultInterrupt)
                  0x000006          0x4 LONG 0x33e DEFINED (__OscillatorFail)?ABSOLUTE (__OscillatorFail):ABSOLUTE (__DefaultInterrupt)
                  0x000008          0x4 LONG 0x33e DEFINED (__AddressError)?ABSOLUTE (__AddressError):ABSOLUTE (__DefaultInterrupt)
                  0x00000a          0x4 LONG 0x33e DEFINED (__StackError)?ABSOLUTE (__StackError):ABSOLUTE (__DefaultInterrupt)
                  0x00000c          0x4 LONG 0x33e DEFINED (__MathError)?ABSOLUTE (__MathError):ABSOLUTE (__DefaultInterrupt)
                  0x00000e          0x4 LONG 0x33e DEFINED (__ReservedTrap5)?ABSOLUTE (__ReservedTrap5):ABSOLUTE (__DefaultInterrupt)
                  0x000010          0x4 LONG 0x33e DEFINED (__ReservedTrap6)?ABSOLUTE (__ReservedTrap6):ABSOLUTE (__DefaultInterrupt)
                  0x000012          0x4 LONG 0x33e DEFINED (__ReservedTrap7)?ABSOLUTE (__ReservedTrap7):ABSOLUTE (__DefaultInterrupt)
                  0x000014          0x4 LONG 0x33e DEFINED (__INT0Interrupt)?ABSOLUTE (__INT0Interrupt):ABSOLUTE (__DefaultInterrupt)
                  0x000016          0x4 LONG 0x33e DEFINED (__IC1Interrupt)?ABSOLUTE (__IC1Interrupt):ABSOLUTE (__DefaultInterrupt)
                  0x000018          0x4 LONG 0x33e DEFINED (__OC1Interrupt)?ABSOLUTE (__OC1Interrupt):ABSOLUTE (__DefaultInterrupt)
                  0x00001a          0x4 LONG 0x33e DEFINED (__T1Interrupt)?ABSOLUTE (__T1Interrupt):ABSOLUTE (__DefaultInterrupt)
                  0x00001c          0x4 LONG 0x33e DEFINED (__Interrupt4)?ABSOLUTE (__Interrupt4):ABSOLUTE (__DefaultInterrupt)
                  0x00001e          0x4 LONG 0x33e DEFINED (__IC2Interrupt)?ABSOLUTE (__IC2Interrupt):ABSOLUTE (__DefaultInterrupt)
                  0x000020          0x4 LONG 0x33e DEFINED (__OC2Interrupt)?ABSOLUTE (__OC2Interrupt):ABSOLUTE (__DefaultInterrupt)
                  0x000022          0x4 LONG 0xffe6 DEFINED (__T2Interrupt)?ABSOLUTE (__T2Interrupt):ABSOLUTE (__DefaultInterrupt)
                  0x000024          0x4 LONG 0xffbe DEFINED (__T3Interrupt)?ABSOLUTE (__T3Interrupt):ABSOLUTE (__DefaultInterrupt)
                  0x000026          0x4 LONG 0x33e DEFINED (__SPI1ErrInterrupt)?ABSOLUTE (__SPI1ErrInterrupt):ABSOLUTE (__DefaultInterrupt)
                  0x000028          0x4 LONG 0x33e DEFINED (__SPI1Interrupt)?ABSOLUTE (__SPI1Interrupt):ABSOLUTE (__DefaultInterrupt)
                  0x00002a          0x4 LONG 0xd238 DEFINED (__U1RXInterrupt)?ABSOLUTE (__U1RXInterrupt):ABSOLUTE (__DefaultInterrupt)
                  0x00002c          0x4 LONG 0x33e DEFINED (__U1TXInterrupt)?ABSOLUTE (__U1TXInterrupt):ABSOLUTE (__DefaultInterrupt)
                  0x00002e          0x4 LONG 0x33e DEFINED (__ADC1Interrupt)?ABSOLUTE (__ADC1Interrupt):ABSOLUTE (__DefaultInterrupt)
                  0x000030          0x4 LONG 0x33e DEFINED (__Interrupt14)?ABSOLUTE (__Interrupt14):ABSOLUTE (__DefaultInterrupt)
                  0x000032          0x4 LONG 0x33e DEFINED (__Interrupt15)?ABSOLUTE (__Interrupt15):ABSOLUTE (__DefaultInterrupt)
                  0x000034          0x4 LONG 0x33e DEFINED (__SI2C1Interrupt)?ABSOLUTE (__SI2C1Interrupt):ABSOLUTE (__DefaultInterrupt)
                  0x000036          0x4 LONG 0x33e DEFINED (__MI2C1Interrupt)?ABSOLUTE (__MI2C1Interrupt):ABSOLUTE (__DefaultInterrupt)
                  0x000038          0x4 LONG 0x33e DEFINED (__CompInterrupt)?ABSOLUTE (__CompInterrupt):ABSOLUTE (__DefaultInterrupt)
                  0x00003a          0x4 LONG 0x33e DEFINED (__CNInterrupt)?ABSOLUTE (__CNInterrupt):ABSOLUTE (__DefaultInterrupt)
                  0x00003c          0x4 LONG 0x998c DEFINED (__INT1Interrupt)?ABSOLUTE (__INT1Interrupt):ABSOLUTE (__DefaultInterrupt)
                  0x00003e          0x4 LONG 0x33e DEFINED (__Interrupt21)?ABSOLUTE (__Interrupt21):ABSOLUTE (__DefaultInterrupt)
                  0x000040          0x4 LONG 0x33e DEFINED (__IC7Interrupt)?ABSOLUTE (__IC7Interrupt):ABSOLUTE (__DefaultInterrupt)
                  0x000042          0x4 LONG 0x33e DEFINED (__IC8Interrupt)?ABSOLUTE (__IC8Interrupt):ABSOLUTE (__DefaultInterrupt)
                  0x000044          0x4 LONG 0x33e DEFINED (__Interrupt24)?ABSOLUTE (__Interrupt24):ABSOLUTE (__DefaultInterrupt)
                  0x000046          0x4 LONG 0x33e DEFINED (__OC3Interrupt)?ABSOLUTE (__OC3Interrupt):ABSOLUTE (__DefaultInterrupt)
                  0x000048          0x4 LONG 0x33e DEFINED (__OC4Interrupt)?ABSOLUTE (__OC4Interrupt):ABSOLUTE (__DefaultInterrupt)
                  0x00004a          0x4 LONG 0x33e DEFINED (__T4Interrupt)?ABSOLUTE (__T4Interrupt):ABSOLUTE (__DefaultInterrupt)
                  0x00004c          0x4 LONG 0x33e DEFINED (__T5Interrupt)?ABSOLUTE (__T5Interrupt):ABSOLUTE (__DefaultInterrupt)
                  0x00004e          0x4 LONG 0x33e DEFINED (__INT2Interrupt)?ABSOLUTE (__INT2Interrupt):ABSOLUTE (__DefaultInterrupt)
                  0x000050          0x4 LONG 0xd2a2 DEFINED (__U2RXInterrupt)?ABSOLUTE (__U2RXInterrupt):ABSOLUTE (__DefaultInterrupt)
                  0x000052          0x4 LONG 0x33e DEFINED (__U2TXInterrupt)?ABSOLUTE (__U2TXInterrupt):ABSOLUTE (__DefaultInterrupt)
                  0x000054          0x4 LONG 0x33e DEFINED (__SPI2ErrInterrupt)?ABSOLUTE (__SPI2ErrInterrupt):ABSOLUTE (__DefaultInterrupt)
                  0x000056          0x4 LONG 0x33e DEFINED (__SPI2Interrupt)?ABSOLUTE (__SPI2Interrupt):ABSOLUTE (__DefaultInterrupt)
                  0x000058          0x4 LONG 0x33e DEFINED (__Interrupt34)?ABSOLUTE (__Interrupt34):ABSOLUTE (__DefaultInterrupt)
                  0x00005a          0x4 LONG 0x33e DEFINED (__Interrupt35)?ABSOLUTE (__Interrupt35):ABSOLUTE (__DefaultInterrupt)
                  0x00005c          0x4 LONG 0x33e DEFINED (__Interrupt36)?ABSOLUTE (__Interrupt36):ABSOLUTE (__DefaultInterrupt)
                  0x00005e          0x4 LONG 0x33e DEFINED (__IC3Interrupt)?ABSOLUTE (__IC3Interrupt):ABSOLUTE (__DefaultInterrupt)
                  0x000060          0x4 LONG 0x33e DEFINED (__IC4Interrupt)?ABSOLUTE (__IC4Interrupt):ABSOLUTE (__DefaultInterrupt)
                  0x000062          0x4 LONG 0x33e DEFINED (__IC5Interrupt)?ABSOLUTE (__IC5Interrupt):ABSOLUTE (__DefaultInterrupt)
                  0x000064          0x4 LONG 0x33e DEFINED (__IC6Interrupt)?ABSOLUTE (__IC6Interrupt):ABSOLUTE (__DefaultInterrupt)
                  0x000066          0x4 LONG 0x33e DEFINED (__OC5Interrupt)?ABSOLUTE (__OC5Interrupt):ABSOLUTE (__DefaultInterrupt)
                  0x000068          0x4 LONG 0x33e DEFINED (__OC6Interrupt)?ABSOLUTE (__OC6Interrupt):ABSOLUTE (__DefaultInterrupt)
                  0x00006a          0x4 LONG 0x33e DEFINED (__OC7Interrupt)?ABSOLUTE (__OC7Interrupt):ABSOLUTE (__DefaultInterrupt)
                  0x00006c          0x4 LONG 0x33e DEFINED (__OC8Interrupt)?ABSOLUTE (__OC8Interrupt):ABSOLUTE (__DefaultInterrupt)
                  0x00006e          0x4 LONG 0x33e DEFINED (__PMPInterrupt)?ABSOLUTE (__PMPInterrupt):ABSOLUTE (__DefaultInterrupt)
                  0x000070          0x4 LONG 0x33e DEFINED (__Interrupt46)?ABSOLUTE (__Interrupt46):ABSOLUTE (__DefaultInterrupt)
                  0x000072          0x4 LONG 0x33e DEFINED (__Interrupt47)?ABSOLUTE (__Interrupt47):ABSOLUTE (__DefaultInterrupt)
                  0x000074          0x4 LONG 0x33e DEFINED (__Interrupt48)?ABSOLUTE (__Interrupt48):ABSOLUTE (__DefaultInterrupt)
                  0x000076          0x4 LONG 0x33e DEFINED (__SI2C2Interrupt)?ABSOLUTE (__SI2C2Interrupt):ABSOLUTE (__DefaultInterrupt)
                  0x000078          0x4 LONG 0x33e DEFINED (__MI2C2Interrupt)?ABSOLUTE (__MI2C2Interrupt):ABSOLUTE (__DefaultInterrupt)
                  0x00007a          0x4 LONG 0x33e DEFINED (__Interrupt51)?ABSOLUTE (__Interrupt51):ABSOLUTE (__DefaultInterrupt)
                  0x00007c          0x4 LONG 0x33e DEFINED (__Interrupt52)?ABSOLUTE (__Interrupt52):ABSOLUTE (__DefaultInterrupt)
                  0x00007e          0x4 LONG 0x33e DEFINED (__INT3Interrupt)?ABSOLUTE (__INT3Interrupt):ABSOLUTE (__DefaultInterrupt)
                  0x000080          0x4 LONG 0x33e DEFINED (__INT4Interrupt)?ABSOLUTE (__INT4Interrupt):ABSOLUTE (__DefaultInterrupt)
                  0x000082          0x4 LONG 0x33e DEFINED (__Interrupt55)?ABSOLUTE (__Interrupt55):ABSOLUTE (__DefaultInterrupt)
                  0x000084          0x4 LONG 0x33e DEFINED (__Interrupt56)?ABSOLUTE (__Interrupt56):ABSOLUTE (__DefaultInterrupt)
                  0x000086          0x4 LONG 0x33e DEFINED (__Interrupt57)?ABSOLUTE (__Interrupt57):ABSOLUTE (__DefaultInterrupt)
                  0x000088          0x4 LONG 0x33e DEFINED (__Interrupt58)?ABSOLUTE (__Interrupt58):ABSOLUTE (__DefaultInterrupt)
                  0x00008a          0x4 LONG 0x33e DEFINED (__Interrupt59)?ABSOLUTE (__Interrupt59):ABSOLUTE (__DefaultInterrupt)
                  0x00008c          0x4 LONG 0x33e DEFINED (__Interrupt60)?ABSOLUTE (__Interrupt60):ABSOLUTE (__DefaultInterrupt)
                  0x00008e          0x4 LONG 0x33e DEFINED (__Interrupt61)?ABSOLUTE (__Interrupt61):ABSOLUTE (__DefaultInterrupt)
                  0x000090          0x4 LONG 0x33e DEFINED (__RTCCInterrupt)?ABSOLUTE (__RTCCInterrupt):ABSOLUTE (__DefaultInterrupt)
                  0x000092          0x4 LONG 0x33e DEFINED (__Interrupt63)?ABSOLUTE (__Interrupt63):ABSOLUTE (__DefaultInterrupt)
                  0x000094          0x4 LONG 0x33e DEFINED (__Interrupt64)?ABSOLUTE (__Interrupt64):ABSOLUTE (__DefaultInterrupt)
                  0x000096          0x4 LONG 0xd20e DEFINED (__U1ErrInterrupt)?ABSOLUTE (__U1ErrInterrupt):ABSOLUTE (__DefaultInterrupt)
                  0x000098          0x4 LONG 0x33e DEFINED (__U2ErrInterrupt)?ABSOLUTE (__U2ErrInterrupt):ABSOLUTE (__DefaultInterrupt)
                  0x00009a          0x4 LONG 0x33e DEFINED (__CRCInterrupt)?ABSOLUTE (__CRCInterrupt):ABSOLUTE (__DefaultInterrupt)
                  0x00009c          0x4 LONG 0x33e DEFINED (__Interrupt68)?ABSOLUTE (__Interrupt68):ABSOLUTE (__DefaultInterrupt)
                  0x00009e          0x4 LONG 0x33e DEFINED (__Interrupt69)?ABSOLUTE (__Interrupt69):ABSOLUTE (__DefaultInterrupt)
                  0x0000a0          0x4 LONG 0x33e DEFINED (__Interrupt70)?ABSOLUTE (__Interrupt70):ABSOLUTE (__DefaultInterrupt)
                  0x0000a2          0x4 LONG 0x33e DEFINED (__Interrupt71)?ABSOLUTE (__Interrupt71):ABSOLUTE (__DefaultInterrupt)
                  0x0000a4          0x4 LONG 0x33e DEFINED (__LVDInterrupt)?ABSOLUTE (__LVDInterrupt):ABSOLUTE (__DefaultInterrupt)
                  0x0000a6          0x4 LONG 0x33e DEFINED (__Interrupt73)?ABSOLUTE (__Interrupt73):ABSOLUTE (__DefaultInterrupt)
                  0x0000a8          0x4 LONG 0x33e DEFINED (__Interrupt74)?ABSOLUTE (__Interrupt74):ABSOLUTE (__DefaultInterrupt)
                  0x0000aa          0x4 LONG 0x33e DEFINED (__Interrupt75)?ABSOLUTE (__Interrupt75):ABSOLUTE (__DefaultInterrupt)
                  0x0000ac          0x4 LONG 0x33e DEFINED (__Interrupt76)?ABSOLUTE (__Interrupt76):ABSOLUTE (__DefaultInterrupt)
                  0x0000ae          0x4 LONG 0x33e DEFINED (__CTMUInterrupt)?ABSOLUTE (__CTMUInterrupt):ABSOLUTE (__DefaultInterrupt)
                  0x0000b0          0x4 LONG 0x33e DEFINED (__Interrupt78)?ABSOLUTE (__Interrupt78):ABSOLUTE (__DefaultInterrupt)
                  0x0000b2          0x4 LONG 0x33e DEFINED (__Interrupt79)?ABSOLUTE (__Interrupt79):ABSOLUTE (__DefaultInterrupt)
                  0x0000b4          0x4 LONG 0x33e DEFINED (__Interrupt80)?ABSOLUTE (__Interrupt80):ABSOLUTE (__DefaultInterrupt)
                  0x0000b6          0x4 LONG 0xd32c DEFINED (__U3ErrInterrupt)?ABSOLUTE (__U3ErrInterrupt):ABSOLUTE (__DefaultInterrupt)
                  0x0000b8          0x4 LONG 0xd36e DEFINED (__U3RXInterrupt)?ABSOLUTE (__U3RXInterrupt):ABSOLUTE (__DefaultInterrupt)
                  0x0000ba          0x4 LONG 0x33e DEFINED (__U3TXInterrupt)?ABSOLUTE (__U3TXInterrupt):ABSOLUTE (__DefaultInterrupt)
                  0x0000bc          0x4 LONG 0x33e DEFINED (__SI2C3Interrupt)?ABSOLUTE (__SI2C3Interrupt):ABSOLUTE (__DefaultInterrupt)
                  0x0000be          0x4 LONG 0x33e DEFINED (__MI2C3Interrupt)?ABSOLUTE (__MI2C3Interrupt):ABSOLUTE (__DefaultInterrupt)
                  0x0000c0          0x4 LONG 0xd2 DEFINED (__USB1Interrupt)?ABSOLUTE (__USB1Interrupt):ABSOLUTE (__DefaultInterrupt)
                  0x0000c2          0x4 LONG 0x33e DEFINED (__U4ErrInterrupt)?ABSOLUTE (__U4ErrInterrupt):ABSOLUTE (__DefaultInterrupt)
                  0x0000c4          0x4 LONG 0xd40c DEFINED (__U4RXInterrupt)?ABSOLUTE (__U4RXInterrupt):ABSOLUTE (__DefaultInterrupt)
                  0x0000c6          0x4 LONG 0xd51e DEFINED (__U4TXInterrupt)?ABSOLUTE (__U4TXInterrupt):ABSOLUTE (__DefaultInterrupt)
                  0x0000c8          0x4 LONG 0x33e DEFINED (__SPI3ErrInterrupt)?ABSOLUTE (__SPI3ErrInterrupt):ABSOLUTE (__DefaultInterrupt)
                  0x0000ca          0x4 LONG 0x33e DEFINED (__SPI3Interrupt)?ABSOLUTE (__SPI3Interrupt):ABSOLUTE (__DefaultInterrupt)
                  0x0000cc          0x4 LONG 0x33e DEFINED (__OC9Interrupt)?ABSOLUTE (__OC9Interrupt):ABSOLUTE (__DefaultInterrupt)
                  0x0000ce          0x4 LONG 0x33e DEFINED (__IC9Interrupt)?ABSOLUTE (__IC9Interrupt):ABSOLUTE (__DefaultInterrupt)
                  0x0000d0          0x4 LONG 0x33e DEFINED (__Interrupt94)?ABSOLUTE (__Interrupt94):ABSOLUTE (__DefaultInterrupt)
                  0x0000d2          0x4 LONG 0x33e DEFINED (__Interrupt95)?ABSOLUTE (__Interrupt95):ABSOLUTE (__DefaultInterrupt)
                  0x0000d4          0x4 LONG 0x33e DEFINED (__Interrupt96)?ABSOLUTE (__Interrupt96):ABSOLUTE (__DefaultInterrupt)
                  0x0000d6          0x4 LONG 0x33e DEFINED (__Interrupt97)?ABSOLUTE (__Interrupt97):ABSOLUTE (__DefaultInterrupt)
                  0x0000d8          0x4 LONG 0x33e DEFINED (__Interrupt98)?ABSOLUTE (__Interrupt98):ABSOLUTE (__DefaultInterrupt)
                  0x0000da          0x4 LONG 0x33e DEFINED (__Interrupt99)?ABSOLUTE (__Interrupt99):ABSOLUTE (__DefaultInterrupt)
                  0x0000dc          0x4 LONG 0x33e DEFINED (__GFX1Interrupt)?ABSOLUTE (__GFX1Interrupt):ABSOLUTE (__DefaultInterrupt)
                  0x0000de          0x4 LONG 0x33e DEFINED (__Interrupt101)?ABSOLUTE (__Interrupt101):ABSOLUTE (__DefaultInterrupt)
                  0x0000e0          0x4 LONG 0x33e DEFINED (__Interrupt102)?ABSOLUTE (__Interrupt102):ABSOLUTE (__DefaultInterrupt)
                  0x0000e2          0x4 LONG 0x33e DEFINED (__Interrupt103)?ABSOLUTE (__Interrupt103):ABSOLUTE (__DefaultInterrupt)
                  0x0000e4          0x4 LONG 0x33e DEFINED (__Interrupt104)?ABSOLUTE (__Interrupt104):ABSOLUTE (__DefaultInterrupt)
                  0x0000e6          0x4 LONG 0x33e DEFINED (__Interrupt105)?ABSOLUTE (__Interrupt105):ABSOLUTE (__DefaultInterrupt)
                  0x0000e8          0x4 LONG 0x33e DEFINED (__Interrupt106)?ABSOLUTE (__Interrupt106):ABSOLUTE (__DefaultInterrupt)
                  0x0000ea          0x4 LONG 0x33e DEFINED (__Interrupt107)?ABSOLUTE (__Interrupt107):ABSOLUTE (__DefaultInterrupt)
                  0x0000ec          0x4 LONG 0x33e DEFINED (__Interrupt108)?ABSOLUTE (__Interrupt108):ABSOLUTE (__DefaultInterrupt)
                  0x0000ee          0x4 LONG 0x33e DEFINED (__Interrupt109)?ABSOLUTE (__Interrupt109):ABSOLUTE (__DefaultInterrupt)
                  0x0000f0          0x4 LONG 0x33e DEFINED (__Interrupt110)?ABSOLUTE (__Interrupt110):ABSOLUTE (__DefaultInterrupt)
                  0x0000f2          0x4 LONG 0x33e DEFINED (__Interrupt111)?ABSOLUTE (__Interrupt111):ABSOLUTE (__DefaultInterrupt)
                  0x0000f4          0x4 LONG 0x33e DEFINED (__Interrupt112)?ABSOLUTE (__Interrupt112):ABSOLUTE (__DefaultInterrupt)
                  0x0000f6          0x4 LONG 0x33e DEFINED (__Interrupt113)?ABSOLUTE (__Interrupt113):ABSOLUTE (__DefaultInterrupt)
                  0x0000f8          0x4 LONG 0x33e DEFINED (__Interrupt114)?ABSOLUTE (__Interrupt114):ABSOLUTE (__DefaultInterrupt)
                  0x0000fa          0x4 LONG 0x33e DEFINED (__Interrupt115)?ABSOLUTE (__Interrupt115):ABSOLUTE (__DefaultInterrupt)
                  0x0000fc          0x4 LONG 0x33e DEFINED (__Interrupt116)?ABSOLUTE (__Interrupt116):ABSOLUTE (__DefaultInterrupt)
                  0x0000fe          0x4 LONG 0x33e DEFINED (__Interrupt117)?ABSOLUTE (__Interrupt117):ABSOLUTE (__DefaultInterrupt)

.aivt             0x000104         0xfc
                  0x000104          0x4 LONG 0x33e DEFINED (__AltReservedTrap0)?ABSOLUTE (__AltReservedTrap0):DEFINED (__ReservedTrap0)?ABSOLUTE (__ReservedTrap0):ABSOLUTE (__DefaultInterrupt)
                  0x000106          0x4 LONG 0x33e DEFINED (__AltOscillatorFail)?ABSOLUTE (__AltOscillatorFail):DEFINED (__OscillatorFail)?ABSOLUTE (__OscillatorFail):ABSOLUTE (__DefaultInterrupt)
                  0x000108          0x4 LONG 0x33e DEFINED (__AltAddressError)?ABSOLUTE (__AltAddressError):DEFINED (__AddressError)?ABSOLUTE (__AddressError):ABSOLUTE (__DefaultInterrupt)
                  0x00010a          0x4 LONG 0x33e DEFINED (__AltStackError)?ABSOLUTE (__AltStackError):DEFINED (__StackError)?ABSOLUTE (__StackError):ABSOLUTE (__DefaultInterrupt)
                  0x00010c          0x4 LONG 0x33e DEFINED (__AltMathError)?ABSOLUTE (__AltMathError):DEFINED (__MathError)?ABSOLUTE (__MathError):ABSOLUTE (__DefaultInterrupt)
                  0x00010e          0x4 LONG 0x33e DEFINED (__AltReservedTrap5)?ABSOLUTE (__AltReservedTrap5):DEFINED (__ReservedTrap5)?ABSOLUTE (__ReservedTrap5):ABSOLUTE (__DefaultInterrupt)
                  0x000110          0x4 LONG 0x33e DEFINED (__AltReservedTrap6)?ABSOLUTE (__AltReservedTrap6):DEFINED (__ReservedTrap6)?ABSOLUTE (__ReservedTrap6):ABSOLUTE (__DefaultInterrupt)
                  0x000112          0x4 LONG 0x33e DEFINED (__AltReservedTrap7)?ABSOLUTE (__AltReservedTrap7):DEFINED (__ReservedTrap7)?ABSOLUTE (__ReservedTrap7):ABSOLUTE (__DefaultInterrupt)
                  0x000114          0x4 LONG 0x33e DEFINED (__AltINT0Interrupt)?ABSOLUTE (__AltINT0Interrupt):DEFINED (__INT0Interrupt)?ABSOLUTE (__INT0Interrupt):ABSOLUTE (__DefaultInterrupt)
                  0x000116          0x4 LONG 0x33e DEFINED (__AltIC1Interrupt)?ABSOLUTE (__AltIC1Interrupt):DEFINED (__IC1Interrupt)?ABSOLUTE (__IC1Interrupt):ABSOLUTE (__DefaultInterrupt)
                  0x000118          0x4 LONG 0x33e DEFINED (__AltOC1Interrupt)?ABSOLUTE (__AltOC1Interrupt):DEFINED (__OC1Interrupt)?ABSOLUTE (__OC1Interrupt):ABSOLUTE (__DefaultInterrupt)
                  0x00011a          0x4 LONG 0x33e DEFINED (__AltT1Interrupt)?ABSOLUTE (__AltT1Interrupt):DEFINED (__T1Interrupt)?ABSOLUTE (__T1Interrupt):ABSOLUTE (__DefaultInterrupt)
                  0x00011c          0x4 LONG 0x33e DEFINED (__AltInterrupt4)?ABSOLUTE (__AltInterrupt4):DEFINED (__Interrupt4)?ABSOLUTE (__Interrupt4):ABSOLUTE (__DefaultInterrupt)
                  0x00011e          0x4 LONG 0x33e DEFINED (__AltIC2Interrupt)?ABSOLUTE (__AltIC2Interrupt):DEFINED (__IC2Interrupt)?ABSOLUTE (__IC2Interrupt):ABSOLUTE (__DefaultInterrupt)
                  0x000120          0x4 LONG 0x33e DEFINED (__AltOC2Interrupt)?ABSOLUTE (__AltOC2Interrupt):DEFINED (__OC2Interrupt)?ABSOLUTE (__OC2Interrupt):ABSOLUTE (__DefaultInterrupt)
                  0x000122          0x4 LONG 0xffe6 DEFINED (__AltT2Interrupt)?ABSOLUTE (__AltT2Interrupt):DEFINED (__T2Interrupt)?ABSOLUTE (__T2Interrupt):ABSOLUTE (__DefaultInterrupt)
                  0x000124          0x4 LONG 0xffbe DEFINED (__AltT3Interrupt)?ABSOLUTE (__AltT3Interrupt):DEFINED (__T3Interrupt)?ABSOLUTE (__T3Interrupt):ABSOLUTE (__DefaultInterrupt)
                  0x000126          0x4 LONG 0x33e DEFINED (__AltSPI1ErrInterrupt)?ABSOLUTE (__AltSPI1ErrInterrupt):DEFINED (__SPI1ErrInterrupt)?ABSOLUTE (__SPI1ErrInterrupt):ABSOLUTE (__DefaultInterrupt)
                  0x000128          0x4 LONG 0x33e DEFINED (__AltSPI1Interrupt)?ABSOLUTE (__AltSPI1Interrupt):DEFINED (__SPI1Interrupt)?ABSOLUTE (__SPI1Interrupt):ABSOLUTE (__DefaultInterrupt)
                  0x00012a          0x4 LONG 0xd238 DEFINED (__AltU1RXInterrupt)?ABSOLUTE (__AltU1RXInterrupt):DEFINED (__U1RXInterrupt)?ABSOLUTE (__U1RXInterrupt):ABSOLUTE (__DefaultInterrupt)
                  0x00012c          0x4 LONG 0x33e DEFINED (__AltU1TXInterrupt)?ABSOLUTE (__AltU1TXInterrupt):DEFINED (__U1TXInterrupt)?ABSOLUTE (__U1TXInterrupt):ABSOLUTE (__DefaultInterrupt)
                  0x00012e          0x4 LONG 0x33e DEFINED (__AltADC1Interrupt)?ABSOLUTE (__AltADC1Interrupt):DEFINED (__ADC1Interrupt)?ABSOLUTE (__ADC1Interrupt):ABSOLUTE (__DefaultInterrupt)
                  0x000130          0x4 LONG 0x33e DEFINED (__AltInterrupt14)?ABSOLUTE (__AltInterrupt14):DEFINED (__Interrupt14)?ABSOLUTE (__Interrupt14):ABSOLUTE (__DefaultInterrupt)
                  0x000132          0x4 LONG 0x33e DEFINED (__AltInterrupt15)?ABSOLUTE (__AltInterrupt15):DEFINED (__Interrupt15)?ABSOLUTE (__Interrupt15):ABSOLUTE (__DefaultInterrupt)
                  0x000134          0x4 LONG 0x33e DEFINED (__AltSI2C1Interrupt)?ABSOLUTE (__AltSI2C1Interrupt):DEFINED (__SI2C1Interrupt)?ABSOLUTE (__SI2C1Interrupt):ABSOLUTE (__DefaultInterrupt)
                  0x000136          0x4 LONG 0x33e DEFINED (__AltMI2C1Interrupt)?ABSOLUTE (__AltMI2C1Interrupt):DEFINED (__MI2C1Interrupt)?ABSOLUTE (__MI2C1Interrupt):ABSOLUTE (__DefaultInterrupt)
                  0x000138          0x4 LONG 0x33e DEFINED (__AltCompInterrupt)?ABSOLUTE (__AltCompInterrupt):DEFINED (__CompInterrupt)?ABSOLUTE (__CompInterrupt):ABSOLUTE (__DefaultInterrupt)
                  0x00013a          0x4 LONG 0x33e DEFINED (__AltCNInterrupt)?ABSOLUTE (__AltCNInterrupt):DEFINED (__CNInterrupt)?ABSOLUTE (__CNInterrupt):ABSOLUTE (__DefaultInterrupt)
                  0x00013c          0x4 LONG 0x998c DEFINED (__AltINT1Interrupt)?ABSOLUTE (__AltINT1Interrupt):DEFINED (__INT1Interrupt)?ABSOLUTE (__INT1Interrupt):ABSOLUTE (__DefaultInterrupt)
                  0x00013e          0x4 LONG 0x33e DEFINED (__AltInterrupt21)?ABSOLUTE (__AltInterrupt21):DEFINED (__Interrupt21)?ABSOLUTE (__Interrupt21):ABSOLUTE (__DefaultInterrupt)
                  0x000140          0x4 LONG 0x33e DEFINED (__AltIC7Interrupt)?ABSOLUTE (__AltIC7Interrupt):DEFINED (__IC7Interrupt)?ABSOLUTE (__IC7Interrupt):ABSOLUTE (__DefaultInterrupt)
                  0x000142          0x4 LONG 0x33e DEFINED (__AltIC8Interrupt)?ABSOLUTE (__AltIC8Interrupt):DEFINED (__IC8Interrupt)?ABSOLUTE (__IC8Interrupt):ABSOLUTE (__DefaultInterrupt)
                  0x000144          0x4 LONG 0x33e DEFINED (__AltInterrupt24)?ABSOLUTE (__AltInterrupt24):DEFINED (__Interrupt24)?ABSOLUTE (__Interrupt24):ABSOLUTE (__DefaultInterrupt)
                  0x000146          0x4 LONG 0x33e DEFINED (__AltOC3Interrupt)?ABSOLUTE (__AltOC3Interrupt):DEFINED (__OC3Interrupt)?ABSOLUTE (__OC3Interrupt):ABSOLUTE (__DefaultInterrupt)
                  0x000148          0x4 LONG 0x33e DEFINED (__AltOC4Interrupt)?ABSOLUTE (__AltOC4Interrupt):DEFINED (__OC4Interrupt)?ABSOLUTE (__OC4Interrupt):ABSOLUTE (__DefaultInterrupt)
                  0x00014a          0x4 LONG 0x33e DEFINED (__AltT4Interrupt)?ABSOLUTE (__AltT4Interrupt):DEFINED (__T4Interrupt)?ABSOLUTE (__T4Interrupt):ABSOLUTE (__DefaultInterrupt)
                  0x00014c          0x4 LONG 0x33e DEFINED (__AltT5Interrupt)?ABSOLUTE (__AltT5Interrupt):DEFINED (__T5Interrupt)?ABSOLUTE (__T5Interrupt):ABSOLUTE (__DefaultInterrupt)
                  0x00014e          0x4 LONG 0x33e DEFINED (__AltINT2Interrupt)?ABSOLUTE (__AltINT2Interrupt):DEFINED (__INT2Interrupt)?ABSOLUTE (__INT2Interrupt):ABSOLUTE (__DefaultInterrupt)
                  0x000150          0x4 LONG 0xd2a2 DEFINED (__AltU2RXInterrupt)?ABSOLUTE (__AltU2RXInterrupt):DEFINED (__U2RXInterrupt)?ABSOLUTE (__U2RXInterrupt):ABSOLUTE (__DefaultInterrupt)
                  0x000152          0x4 LONG 0x33e DEFINED (__AltU2TXInterrupt)?ABSOLUTE (__AltU2TXInterrupt):DEFINED (__U2TXInterrupt)?ABSOLUTE (__U2TXInterrupt):ABSOLUTE (__DefaultInterrupt)
                  0x000154          0x4 LONG 0x33e DEFINED (__AltSPI2ErrInterrupt)?ABSOLUTE (__AltSPI2ErrInterrupt):DEFINED (__SPI2ErrInterrupt)?ABSOLUTE (__SPI2ErrInterrupt):ABSOLUTE (__DefaultInterrupt)
                  0x000156          0x4 LONG 0x33e DEFINED (__AltSPI2Interrupt)?ABSOLUTE (__AltSPI2Interrupt):DEFINED (__SPI2Interrupt)?ABSOLUTE (__SPI2Interrupt):ABSOLUTE (__DefaultInterrupt)
                  0x000158          0x4 LONG 0x33e DEFINED (__AltInterrupt34)?ABSOLUTE (__AltInterrupt34):DEFINED (__Interrupt34)?ABSOLUTE (__Interrupt34):ABSOLUTE (__DefaultInterrupt)
                  0x00015a          0x4 LONG 0x33e DEFINED (__AltInterrupt35)?ABSOLUTE (__AltInterrupt35):DEFINED (__Interrupt35)?ABSOLUTE (__Interrupt35):ABSOLUTE (__DefaultInterrupt)
                  0x00015c          0x4 LONG 0x33e DEFINED (__AltInterrupt36)?ABSOLUTE (__AltInterrupt36):DEFINED (__Interrupt36)?ABSOLUTE (__Interrupt36):ABSOLUTE (__DefaultInterrupt)
                  0x00015e          0x4 LONG 0x33e DEFINED (__AltIC3Interrupt)?ABSOLUTE (__AltIC3Interrupt):DEFINED (__IC3Interrupt)?ABSOLUTE (__IC3Interrupt):ABSOLUTE (__DefaultInterrupt)
                  0x000160          0x4 LONG 0x33e DEFINED (__AltIC4Interrupt)?ABSOLUTE (__AltIC4Interrupt):DEFINED (__IC4Interrupt)?ABSOLUTE (__IC4Interrupt):ABSOLUTE (__DefaultInterrupt)
                  0x000162          0x4 LONG 0x33e DEFINED (__AltIC5Interrupt)?ABSOLUTE (__AltIC5Interrupt):DEFINED (__IC5Interrupt)?ABSOLUTE (__IC5Interrupt):ABSOLUTE (__DefaultInterrupt)
                  0x000164          0x4 LONG 0x33e DEFINED (__AltIC6Interrupt)?ABSOLUTE (__AltIC6Interrupt):DEFINED (__IC6Interrupt)?ABSOLUTE (__IC6Interrupt):ABSOLUTE (__DefaultInterrupt)
                  0x000166          0x4 LONG 0x33e DEFINED (__AltOC5Interrupt)?ABSOLUTE (__AltOC5Interrupt):DEFINED (__OC5Interrupt)?ABSOLUTE (__OC5Interrupt):ABSOLUTE (__DefaultInterrupt)
                  0x000168          0x4 LONG 0x33e DEFINED (__AltOC6Interrupt)?ABSOLUTE (__AltOC6Interrupt):DEFINED (__OC6Interrupt)?ABSOLUTE (__OC6Interrupt):ABSOLUTE (__DefaultInterrupt)
                  0x00016a          0x4 LONG 0x33e DEFINED (__AltOC7Interrupt)?ABSOLUTE (__AltOC7Interrupt):DEFINED (__OC7Interrupt)?ABSOLUTE (__OC7Interrupt):ABSOLUTE (__DefaultInterrupt)
                  0x00016c          0x4 LONG 0x33e DEFINED (__AltOC8Interrupt)?ABSOLUTE (__AltOC8Interrupt):DEFINED (__OC8Interrupt)?ABSOLUTE (__OC8Interrupt):ABSOLUTE (__DefaultInterrupt)
                  0x00016e          0x4 LONG 0x33e DEFINED (__AltPMPInterrupt)?ABSOLUTE (__AltPMPInterrupt):DEFINED (__PMPInterrupt)?ABSOLUTE (__PMPInterrupt):ABSOLUTE (__DefaultInterrupt)
                  0x000170          0x4 LONG 0x33e DEFINED (__AltInterrupt46)?ABSOLUTE (__AltInterrupt46):DEFINED (__Interrupt46)?ABSOLUTE (__Interrupt46):ABSOLUTE (__DefaultInterrupt)
                  0x000172          0x4 LONG 0x33e DEFINED (__AltInterrupt47)?ABSOLUTE (__AltInterrupt47):DEFINED (__Interrupt47)?ABSOLUTE (__Interrupt47):ABSOLUTE (__DefaultInterrupt)
                  0x000174          0x4 LONG 0x33e DEFINED (__AltInterrupt48)?ABSOLUTE (__AltInterrupt48):DEFINED (__Interrupt48)?ABSOLUTE (__Interrupt48):ABSOLUTE (__DefaultInterrupt)
                  0x000176          0x4 LONG 0x33e DEFINED (__AltSI2C2Interrupt)?ABSOLUTE (__AltSI2C2Interrupt):DEFINED (__SI2C2Interrupt)?ABSOLUTE (__SI2C2Interrupt):ABSOLUTE (__DefaultInterrupt)
                  0x000178          0x4 LONG 0x33e DEFINED (__AltMI2C2Interrupt)?ABSOLUTE (__AltMI2C2Interrupt):DEFINED (__MI2C2Interrupt)?ABSOLUTE (__MI2C2Interrupt):ABSOLUTE (__DefaultInterrupt)
                  0x00017a          0x4 LONG 0x33e DEFINED (__AltInterrupt51)?ABSOLUTE (__AltInterrupt51):DEFINED (__Interrupt51)?ABSOLUTE (__Interrupt51):ABSOLUTE (__DefaultInterrupt)
                  0x00017c          0x4 LONG 0x33e DEFINED (__AltInterrupt52)?ABSOLUTE (__AltInterrupt52):DEFINED (__Interrupt52)?ABSOLUTE (__Interrupt52):ABSOLUTE (__DefaultInterrupt)
                  0x00017e          0x4 LONG 0x33e DEFINED (__AltINT3Interrupt)?ABSOLUTE (__AltINT3Interrupt):DEFINED (__INT3Interrupt)?ABSOLUTE (__INT3Interrupt):ABSOLUTE (__DefaultInterrupt)
                  0x000180          0x4 LONG 0x33e DEFINED (__AltINT4Interrupt)?ABSOLUTE (__AltINT4Interrupt):DEFINED (__INT4Interrupt)?ABSOLUTE (__INT4Interrupt):ABSOLUTE (__DefaultInterrupt)
                  0x000182          0x4 LONG 0x33e DEFINED (__AltInterrupt55)?ABSOLUTE (__AltInterrupt55):DEFINED (__Interrupt55)?ABSOLUTE (__Interrupt55):ABSOLUTE (__DefaultInterrupt)
                  0x000184          0x4 LONG 0x33e DEFINED (__AltInterrupt56)?ABSOLUTE (__AltInterrupt56):DEFINED (__Interrupt56)?ABSOLUTE (__Interrupt56):ABSOLUTE (__DefaultInterrupt)
                  0x000186          0x4 LONG 0x33e DEFINED (__AltInterrupt57)?ABSOLUTE (__AltInterrupt57):DEFINED (__Interrupt57)?ABSOLUTE (__Interrupt57):ABSOLUTE (__DefaultInterrupt)
                  0x000188          0x4 LONG 0x33e DEFINED (__AltInterrupt58)?ABSOLUTE (__AltInterrupt58):DEFINED (__Interrupt58)?ABSOLUTE (__Interrupt58):ABSOLUTE (__DefaultInterrupt)
                  0x00018a          0x4 LONG 0x33e DEFINED (__AltInterrupt59)?ABSOLUTE (__AltInterrupt59):DEFINED (__Interrupt59)?ABSOLUTE (__Interrupt59):ABSOLUTE (__DefaultInterrupt)
                  0x00018c          0x4 LONG 0x33e DEFINED (__AltInterrupt60)?ABSOLUTE (__AltInterrupt60):DEFINED (__Interrupt60)?ABSOLUTE (__Interrupt60):ABSOLUTE (__DefaultInterrupt)
                  0x00018e          0x4 LONG 0x33e DEFINED (__AltInterrupt61)?ABSOLUTE (__AltInterrupt61):DEFINED (__Interrupt61)?ABSOLUTE (__Interrupt61):ABSOLUTE (__DefaultInterrupt)
                  0x000190          0x4 LONG 0x33e DEFINED (__AltRTCCInterrupt)?ABSOLUTE (__AltRTCCInterrupt):DEFINED (__RTCCInterrupt)?ABSOLUTE (__RTCCInterrupt):ABSOLUTE (__DefaultInterrupt)
                  0x000192          0x4 LONG 0x33e DEFINED (__AltInterrupt63)?ABSOLUTE (__AltInterrupt63):DEFINED (__Interrupt63)?ABSOLUTE (__Interrupt63):ABSOLUTE (__DefaultInterrupt)
                  0x000194          0x4 LONG 0x33e DEFINED (__AltInterrupt64)?ABSOLUTE (__AltInterrupt64):DEFINED (__Interrupt64)?ABSOLUTE (__Interrupt64):ABSOLUTE (__DefaultInterrupt)
                  0x000196          0x4 LONG 0xd20e DEFINED (__AltU1ErrInterrupt)?ABSOLUTE (__AltU1ErrInterrupt):DEFINED (__U1ErrInterrupt)?ABSOLUTE (__U1ErrInterrupt):ABSOLUTE (__DefaultInterrupt)
                  0x000198          0x4 LONG 0x33e DEFINED (__AltU2ErrInterrupt)?ABSOLUTE (__AltU2ErrInterrupt):DEFINED (__U2ErrInterrupt)?ABSOLUTE (__U2ErrInterrupt):ABSOLUTE (__DefaultInterrupt)
                  0x00019a          0x4 LONG 0x33e DEFINED (__AltCRCInterrupt)?ABSOLUTE (__AltCRCInterrupt):DEFINED (__CRCInterrupt)?ABSOLUTE (__CRCInterrupt):ABSOLUTE (__DefaultInterrupt)
                  0x00019c          0x4 LONG 0x33e DEFINED (__AltInterrupt68)?ABSOLUTE (__AltInterrupt68):DEFINED (__Interrupt68)?ABSOLUTE (__Interrupt68):ABSOLUTE (__DefaultInterrupt)
                  0x00019e          0x4 LONG 0x33e DEFINED (__AltInterrupt69)?ABSOLUTE (__AltInterrupt69):DEFINED (__Interrupt69)?ABSOLUTE (__Interrupt69):ABSOLUTE (__DefaultInterrupt)
                  0x0001a0          0x4 LONG 0x33e DEFINED (__AltInterrupt70)?ABSOLUTE (__AltInterrupt70):DEFINED (__Interrupt70)?ABSOLUTE (__Interrupt70):ABSOLUTE (__DefaultInterrupt)
                  0x0001a2          0x4 LONG 0x33e DEFINED (__AltInterrupt71)?ABSOLUTE (__AltInterrupt71):DEFINED (__Interrupt71)?ABSOLUTE (__Interrupt71):ABSOLUTE (__DefaultInterrupt)
                  0x0001a4          0x4 LONG 0x33e DEFINED (__AltLVDInterrupt)?ABSOLUTE (__AltLVDInterrupt):DEFINED (__LVDInterrupt)?ABSOLUTE (__LVDInterrupt):ABSOLUTE (__DefaultInterrupt)
                  0x0001a6          0x4 LONG 0x33e DEFINED (__AltInterrupt73)?ABSOLUTE (__AltInterrupt73):DEFINED (__Interrupt73)?ABSOLUTE (__Interrupt73):ABSOLUTE (__DefaultInterrupt)
                  0x0001a8          0x4 LONG 0x33e DEFINED (__AltInterrupt74)?ABSOLUTE (__AltInterrupt74):DEFINED (__Interrupt74)?ABSOLUTE (__Interrupt74):ABSOLUTE (__DefaultInterrupt)
                  0x0001aa          0x4 LONG 0x33e DEFINED (__AltInterrupt75)?ABSOLUTE (__AltInterrupt75):DEFINED (__Interrupt75)?ABSOLUTE (__Interrupt75):ABSOLUTE (__DefaultInterrupt)
                  0x0001ac          0x4 LONG 0x33e DEFINED (__AltInterrupt76)?ABSOLUTE (__AltInterrupt76):DEFINED (__Interrupt76)?ABSOLUTE (__Interrupt76):ABSOLUTE (__DefaultInterrupt)
                  0x0001ae          0x4 LONG 0x33e DEFINED (__AltCTMUInterrupt)?ABSOLUTE (__AltCTMUInterrupt):DEFINED (__CTMUInterrupt)?ABSOLUTE (__CTMUInterrupt):ABSOLUTE (__DefaultInterrupt)
                  0x0001b0          0x4 LONG 0x33e DEFINED (__AltInterrupt78)?ABSOLUTE (__AltInterrupt78):DEFINED (__Interrupt78)?ABSOLUTE (__Interrupt78):ABSOLUTE (__DefaultInterrupt)
                  0x0001b2          0x4 LONG 0x33e DEFINED (__AltInterrupt79)?ABSOLUTE (__AltInterrupt79):DEFINED (__Interrupt79)?ABSOLUTE (__Interrupt79):ABSOLUTE (__DefaultInterrupt)
                  0x0001b4          0x4 LONG 0x33e DEFINED (__AltInterrupt80)?ABSOLUTE (__AltInterrupt80):DEFINED (__Interrupt80)?ABSOLUTE (__Interrupt80):ABSOLUTE (__DefaultInterrupt)
                  0x0001b6          0x4 LONG 0xd32c DEFINED (__AltU3ErrInterrupt)?ABSOLUTE (__AltU3ErrInterrupt):DEFINED (__U3ErrInterrupt)?ABSOLUTE (__U3ErrInterrupt):ABSOLUTE (__DefaultInterrupt)
                  0x0001b8          0x4 LONG 0xd36e DEFINED (__AltU3RXInterrupt)?ABSOLUTE (__AltU3RXInterrupt):DEFINED (__U3RXInterrupt)?ABSOLUTE (__U3RXInterrupt):ABSOLUTE (__DefaultInterrupt)
                  0x0001ba          0x4 LONG 0x33e DEFINED (__AltU3TXInterrupt)?ABSOLUTE (__AltU3TXInterrupt):DEFINED (__U3TXInterrupt)?ABSOLUTE (__U3TXInterrupt):ABSOLUTE (__DefaultInterrupt)
                  0x0001bc          0x4 LONG 0x33e DEFINED (__AltSI2C3Interrupt)?ABSOLUTE (__AltSI2C3Interrupt):DEFINED (__SI2C3Interrupt)?ABSOLUTE (__SI2C3Interrupt):ABSOLUTE (__DefaultInterrupt)
                  0x0001be          0x4 LONG 0x33e DEFINED (__AltMI2C3Interrupt)?ABSOLUTE (__AltMI2C3Interrupt):DEFINED (__MI2C3Interrupt)?ABSOLUTE (__MI2C3Interrupt):ABSOLUTE (__DefaultInterrupt)
                  0x0001c0          0x4 LONG 0xd2 DEFINED (__AltUSB1Interrupt)?ABSOLUTE (__AltUSB1Interrupt):DEFINED (__USB1Interrupt)?ABSOLUTE (__USB1Interrupt):ABSOLUTE (__DefaultInterrupt)
                  0x0001c2          0x4 LONG 0x33e DEFINED (__AltU4ErrInterrupt)?ABSOLUTE (__AltU4ErrInterrupt):DEFINED (__U4ErrInterrupt)?ABSOLUTE (__U4ErrInterrupt):ABSOLUTE (__DefaultInterrupt)
                  0x0001c4          0x4 LONG 0xd40c DEFINED (__AltU4RXInterrupt)?ABSOLUTE (__AltU4RXInterrupt):DEFINED (__U4RXInterrupt)?ABSOLUTE (__U4RXInterrupt):ABSOLUTE (__DefaultInterrupt)
                  0x0001c6          0x4 LONG 0xd51e DEFINED (__AltU4TXInterrupt)?ABSOLUTE (__AltU4TXInterrupt):DEFINED (__U4TXInterrupt)?ABSOLUTE (__U4TXInterrupt):ABSOLUTE (__DefaultInterrupt)
                  0x0001c8          0x4 LONG 0x33e DEFINED (__AltSPI3ErrInterrupt)?ABSOLUTE (__AltSPI3ErrInterrupt):DEFINED (__SPI3ErrInterrupt)?ABSOLUTE (__SPI3ErrInterrupt):ABSOLUTE (__DefaultInterrupt)
                  0x0001ca          0x4 LONG 0x33e DEFINED (__AltSPI3Interrupt)?ABSOLUTE (__AltSPI3Interrupt):DEFINED (__SPI3Interrupt)?ABSOLUTE (__SPI3Interrupt):ABSOLUTE (__DefaultInterrupt)
                  0x0001cc          0x4 LONG 0x33e DEFINED (__AltOC9Interrupt)?ABSOLUTE (__AltOC9Interrupt):DEFINED (__OC9Interrupt)?ABSOLUTE (__OC9Interrupt):ABSOLUTE (__DefaultInterrupt)
                  0x0001ce          0x4 LONG 0x33e DEFINED (__AltIC9Interrupt)?ABSOLUTE (__AltIC9Interrupt):DEFINED (__IC9Interrupt)?ABSOLUTE (__IC9Interrupt):ABSOLUTE (__DefaultInterrupt)
                  0x0001d0          0x4 LONG 0x33e DEFINED (__AltInterrupt94)?ABSOLUTE (__AltInterrupt94):DEFINED (__Interrupt94)?ABSOLUTE (__Interrupt94):ABSOLUTE (__DefaultInterrupt)
                  0x0001d2          0x4 LONG 0x33e DEFINED (__AltInterrupt95)?ABSOLUTE (__AltInterrupt95):DEFINED (__Interrupt95)?ABSOLUTE (__Interrupt95):ABSOLUTE (__DefaultInterrupt)
                  0x0001d4          0x4 LONG 0x33e DEFINED (__AltInterrupt96)?ABSOLUTE (__AltInterrupt96):DEFINED (__Interrupt96)?ABSOLUTE (__Interrupt96):ABSOLUTE (__DefaultInterrupt)
                  0x0001d6          0x4 LONG 0x33e DEFINED (__AltInterrupt97)?ABSOLUTE (__AltInterrupt97):DEFINED (__Interrupt97)?ABSOLUTE (__Interrupt97):ABSOLUTE (__DefaultInterrupt)
                  0x0001d8          0x4 LONG 0x33e DEFINED (__AltInterrupt98)?ABSOLUTE (__AltInterrupt98):DEFINED (__Interrupt98)?ABSOLUTE (__Interrupt98):ABSOLUTE (__DefaultInterrupt)
                  0x0001da          0x4 LONG 0x33e DEFINED (__AltInterrupt99)?ABSOLUTE (__AltInterrupt99):DEFINED (__Interrupt99)?ABSOLUTE (__Interrupt99):ABSOLUTE (__DefaultInterrupt)
                  0x0001dc          0x4 LONG 0x33e DEFINED (__AltGFX1Interrupt)?ABSOLUTE (__AltGFX1Interrupt):DEFINED (__GFX1Interrupt)?ABSOLUTE (__GFX1Interrupt):ABSOLUTE (__DefaultInterrupt)
                  0x0001de          0x4 LONG 0x33e DEFINED (__AltInterrupt101)?ABSOLUTE (__AltInterrupt101):DEFINED (__Interrupt101)?ABSOLUTE (__Interrupt101):ABSOLUTE (__DefaultInterrupt)
                  0x0001e0          0x4 LONG 0x33e DEFINED (__AltInterrupt102)?ABSOLUTE (__AltInterrupt102):DEFINED (__Interrupt102)?ABSOLUTE (__Interrupt102):ABSOLUTE (__DefaultInterrupt)
                  0x0001e2          0x4 LONG 0x33e DEFINED (__AltInterrupt103)?ABSOLUTE (__AltInterrupt103):DEFINED (__Interrupt103)?ABSOLUTE (__Interrupt103):ABSOLUTE (__DefaultInterrupt)
                  0x0001e4          0x4 LONG 0x33e DEFINED (__AltInterrupt104)?ABSOLUTE (__AltInterrupt104):DEFINED (__Interrupt104)?ABSOLUTE (__Interrupt104):ABSOLUTE (__DefaultInterrupt)
                  0x0001e6          0x4 LONG 0x33e DEFINED (__AltInterrupt105)?ABSOLUTE (__AltInterrupt105):DEFINED (__Interrupt105)?ABSOLUTE (__Interrupt105):ABSOLUTE (__DefaultInterrupt)
                  0x0001e8          0x4 LONG 0x33e DEFINED (__AltInterrupt106)?ABSOLUTE (__AltInterrupt106):DEFINED (__Interrupt106)?ABSOLUTE (__Interrupt106):ABSOLUTE (__DefaultInterrupt)
                  0x0001ea          0x4 LONG 0x33e DEFINED (__AltInterrupt107)?ABSOLUTE (__AltInterrupt107):DEFINED (__Interrupt107)?ABSOLUTE (__Interrupt107):ABSOLUTE (__DefaultInterrupt)
                  0x0001ec          0x4 LONG 0x33e DEFINED (__AltInterrupt108)?ABSOLUTE (__AltInterrupt108):DEFINED (__Interrupt108)?ABSOLUTE (__Interrupt108):ABSOLUTE (__DefaultInterrupt)
                  0x0001ee          0x4 LONG 0x33e DEFINED (__AltInterrupt109)?ABSOLUTE (__AltInterrupt109):DEFINED (__Interrupt109)?ABSOLUTE (__Interrupt109):ABSOLUTE (__DefaultInterrupt)
                  0x0001f0          0x4 LONG 0x33e DEFINED (__AltInterrupt110)?ABSOLUTE (__AltInterrupt110):DEFINED (__Interrupt110)?ABSOLUTE (__Interrupt110):ABSOLUTE (__DefaultInterrupt)
                  0x0001f2          0x4 LONG 0x33e DEFINED (__AltInterrupt111)?ABSOLUTE (__AltInterrupt111):DEFINED (__Interrupt111)?ABSOLUTE (__Interrupt111):ABSOLUTE (__DefaultInterrupt)
                  0x0001f4          0x4 LONG 0x33e DEFINED (__AltInterrupt112)?ABSOLUTE (__AltInterrupt112):DEFINED (__Interrupt112)?ABSOLUTE (__Interrupt112):ABSOLUTE (__DefaultInterrupt)
                  0x0001f6          0x4 LONG 0x33e DEFINED (__AltInterrupt113)?ABSOLUTE (__AltInterrupt113):DEFINED (__Interrupt113)?ABSOLUTE (__Interrupt113):ABSOLUTE (__DefaultInterrupt)
                  0x0001f8          0x4 LONG 0x33e DEFINED (__AltInterrupt114)?ABSOLUTE (__AltInterrupt114):DEFINED (__Interrupt114)?ABSOLUTE (__Interrupt114):ABSOLUTE (__DefaultInterrupt)
                  0x0001fa          0x4 LONG 0x33e DEFINED (__AltInterrupt115)?ABSOLUTE (__AltInterrupt115):DEFINED (__Interrupt115)?ABSOLUTE (__Interrupt115):ABSOLUTE (__DefaultInterrupt)
                  0x0001fc          0x4 LONG 0x33e DEFINED (__AltInterrupt116)?ABSOLUTE (__AltInterrupt116):DEFINED (__Interrupt116)?ABSOLUTE (__Interrupt116):ABSOLUTE (__DefaultInterrupt)
                  0x0001fe          0x4 LONG 0x33e DEFINED (__AltInterrupt117)?ABSOLUTE (__AltInterrupt117):DEFINED (__Interrupt117)?ABSOLUTE (__Interrupt117):ABSOLUTE (__DefaultInterrupt)
                    0x0000                  WREG0 = 0x0
                    0x0000                  _WREG0 = 0x0
                    0x0002                  WREG1 = 0x2
                    0x0002                  _WREG1 = 0x2
                    0x0004                  WREG2 = 0x4
                    0x0004                  _WREG2 = 0x4
                    0x0006                  WREG3 = 0x6
                    0x0006                  _WREG3 = 0x6
                    0x0008                  WREG4 = 0x8
                    0x0008                  _WREG4 = 0x8
                    0x000a                  WREG5 = 0xa
                    0x000a                  _WREG5 = 0xa
                    0x000c                  WREG6 = 0xc
                    0x000c                  _WREG6 = 0xc
                    0x000e                  WREG7 = 0xe
                    0x000e                  _WREG7 = 0xe
                    0x0010                  WREG8 = 0x10
                    0x0010                  _WREG8 = 0x10
                    0x0012                  WREG9 = 0x12
                    0x0012                  _WREG9 = 0x12
                    0x0014                  WREG10 = 0x14
                    0x0014                  _WREG10 = 0x14
                    0x0016                  WREG11 = 0x16
                    0x0016                  _WREG11 = 0x16
                    0x0018                  WREG12 = 0x18
                    0x0018                  _WREG12 = 0x18
                    0x001a                  WREG13 = 0x1a
                    0x001a                  _WREG13 = 0x1a
                    0x001c                  WREG14 = 0x1c
                    0x001c                  _WREG14 = 0x1c
                    0x001e                  WREG15 = 0x1e
                    0x001e                  _WREG15 = 0x1e
                    0x0020                  SPLIM = 0x20
                    0x0020                  _SPLIM = 0x20
                    0x002e                  PCL = 0x2e
                    0x002e                  _PCL = 0x2e
                    0x0030                  PCH = 0x30
                    0x0030                  _PCH = 0x30
                    0x0032                  DSRPAG = 0x32
                    0x0032                  _DSRPAG = 0x32
                    0x0034                  DSWPAG = 0x34
                    0x0034                  _DSWPAG = 0x34
                    0x0036                  RCOUNT = 0x36
                    0x0036                  _RCOUNT = 0x36
                    0x0042                  SR = 0x42
                    0x0042                  _SR = 0x42
                    0x0042                  _SRbits = 0x42
                    0x0044                  CORCON = 0x44
                    0x0044                  _CORCON = 0x44
                    0x0044                  _CORCONbits = 0x44
                    0x0052                  DISICNT = 0x52
                    0x0052                  _DISICNT = 0x52
                    0x0054                  TBLPAG = 0x54
                    0x0054                  _TBLPAG = 0x54
                    0x0056                  CNPD1 = 0x56
                    0x0056                  _CNPD1 = 0x56
                    0x0056                  _CNPD1bits = 0x56
                    0x0058                  CNPD2 = 0x58
                    0x0058                  _CNPD2 = 0x58
                    0x0058                  _CNPD2bits = 0x58
                    0x005a                  CNPD3 = 0x5a
                    0x005a                  _CNPD3 = 0x5a
                    0x005a                  _CNPD3bits = 0x5a
                    0x005c                  CNPD4 = 0x5c
                    0x005c                  _CNPD4 = 0x5c
                    0x005c                  _CNPD4bits = 0x5c
                    0x005e                  CNPD5 = 0x5e
                    0x005e                  _CNPD5 = 0x5e
                    0x005e                  _CNPD5bits = 0x5e
                    0x0060                  CNPD6 = 0x60
                    0x0060                  _CNPD6 = 0x60
                    0x0060                  _CNPD6bits = 0x60
                    0x0062                  CNEN1 = 0x62
                    0x0062                  _CNEN1 = 0x62
                    0x0062                  _CNEN1bits = 0x62
                    0x0064                  CNEN2 = 0x64
                    0x0064                  _CNEN2 = 0x64
                    0x0064                  _CNEN2bits = 0x64
                    0x0066                  CNEN3 = 0x66
                    0x0066                  _CNEN3 = 0x66
                    0x0066                  _CNEN3bits = 0x66
                    0x0068                  CNEN4 = 0x68
                    0x0068                  _CNEN4 = 0x68
                    0x0068                  _CNEN4bits = 0x68
                    0x006a                  CNEN5 = 0x6a
                    0x006a                  _CNEN5 = 0x6a
                    0x006a                  _CNEN5bits = 0x6a
                    0x006c                  CNEN6 = 0x6c
                    0x006c                  _CNEN6 = 0x6c
                    0x006c                  _CNEN6bits = 0x6c
                    0x006e                  CNPU1 = 0x6e
                    0x006e                  _CNPU1 = 0x6e
                    0x006e                  _CNPU1bits = 0x6e
                    0x0070                  CNPU2 = 0x70
                    0x0070                  _CNPU2 = 0x70
                    0x0070                  _CNPU2bits = 0x70
                    0x0072                  CNPU3 = 0x72
                    0x0072                  _CNPU3 = 0x72
                    0x0072                  _CNPU3bits = 0x72
                    0x0074                  CNPU4 = 0x74
                    0x0074                  _CNPU4 = 0x74
                    0x0074                  _CNPU4bits = 0x74
                    0x0076                  CNPU5 = 0x76
                    0x0076                  _CNPU5 = 0x76
                    0x0076                  _CNPU5bits = 0x76
                    0x0078                  CNPU6 = 0x78
                    0x0078                  _CNPU6 = 0x78
                    0x0078                  _CNPU6bits = 0x78
                    0x0080                  INTCON1 = 0x80
                    0x0080                  _INTCON1 = 0x80
                    0x0080                  _INTCON1bits = 0x80
                    0x0082                  INTCON2 = 0x82
                    0x0082                  _INTCON2 = 0x82
                    0x0082                  _INTCON2bits = 0x82
                    0x0084                  IFS0 = 0x84
                    0x0084                  _IFS0 = 0x84
                    0x0084                  _IFS0bits = 0x84
                    0x0086                  IFS1 = 0x86
                    0x0086                  _IFS1 = 0x86
                    0x0086                  _IFS1bits = 0x86
                    0x0088                  IFS2 = 0x88
                    0x0088                  _IFS2 = 0x88
                    0x0088                  _IFS2bits = 0x88
                    0x008a                  IFS3 = 0x8a
                    0x008a                  _IFS3 = 0x8a
                    0x008a                  _IFS3bits = 0x8a
                    0x008c                  IFS4 = 0x8c
                    0x008c                  _IFS4 = 0x8c
                    0x008c                  _IFS4bits = 0x8c
                    0x008e                  IFS5 = 0x8e
                    0x008e                  _IFS5 = 0x8e
                    0x008e                  _IFS5bits = 0x8e
                    0x0090                  IFS6 = 0x90
                    0x0090                  _IFS6 = 0x90
                    0x0090                  _IFS6bits = 0x90
                    0x0094                  IEC0 = 0x94
                    0x0094                  _IEC0 = 0x94
                    0x0094                  _IEC0bits = 0x94
                    0x0096                  IEC1 = 0x96
                    0x0096                  _IEC1 = 0x96
                    0x0096                  _IEC1bits = 0x96
                    0x0098                  IEC2 = 0x98
                    0x0098                  _IEC2 = 0x98
                    0x0098                  _IEC2bits = 0x98
                    0x009a                  IEC3 = 0x9a
                    0x009a                  _IEC3 = 0x9a
                    0x009a                  _IEC3bits = 0x9a
                    0x009c                  IEC4 = 0x9c
                    0x009c                  _IEC4 = 0x9c
                    0x009c                  _IEC4bits = 0x9c
                    0x009e                  IEC5 = 0x9e
                    0x009e                  _IEC5 = 0x9e
                    0x009e                  _IEC5bits = 0x9e
                    0x00a0                  IEC6 = 0xa0
                    0x00a0                  _IEC6 = 0xa0
                    0x00a0                  _IEC6bits = 0xa0
                    0x00a4                  IPC0 = 0xa4
                    0x00a4                  _IPC0 = 0xa4
                    0x00a4                  _IPC0bits = 0xa4
                    0x00a6                  IPC1 = 0xa6
                    0x00a6                  _IPC1 = 0xa6
                    0x00a6                  _IPC1bits = 0xa6
                    0x00a8                  IPC2 = 0xa8
                    0x00a8                  _IPC2 = 0xa8
                    0x00a8                  _IPC2bits = 0xa8
                    0x00aa                  IPC3 = 0xaa
                    0x00aa                  _IPC3 = 0xaa
                    0x00aa                  _IPC3bits = 0xaa
                    0x00ac                  IPC4 = 0xac
                    0x00ac                  _IPC4 = 0xac
                    0x00ac                  _IPC4bits = 0xac
                    0x00ae                  IPC5 = 0xae
                    0x00ae                  _IPC5 = 0xae
                    0x00ae                  _IPC5bits = 0xae
                    0x00b0                  IPC6 = 0xb0
                    0x00b0                  _IPC6 = 0xb0
                    0x00b0                  _IPC6bits = 0xb0
                    0x00b2                  IPC7 = 0xb2
                    0x00b2                  _IPC7 = 0xb2
                    0x00b2                  _IPC7bits = 0xb2
                    0x00b4                  IPC8 = 0xb4
                    0x00b4                  _IPC8 = 0xb4
                    0x00b4                  _IPC8bits = 0xb4
                    0x00b6                  IPC9 = 0xb6
                    0x00b6                  _IPC9 = 0xb6
                    0x00b6                  _IPC9bits = 0xb6
                    0x00b8                  IPC10 = 0xb8
                    0x00b8                  _IPC10 = 0xb8
                    0x00b8                  _IPC10bits = 0xb8
                    0x00ba                  IPC11 = 0xba
                    0x00ba                  _IPC11 = 0xba
                    0x00ba                  _IPC11bits = 0xba
                    0x00bc                  IPC12 = 0xbc
                    0x00bc                  _IPC12 = 0xbc
                    0x00bc                  _IPC12bits = 0xbc
                    0x00be                  IPC13 = 0xbe
                    0x00be                  _IPC13 = 0xbe
                    0x00be                  _IPC13bits = 0xbe
                    0x00c2                  IPC15 = 0xc2
                    0x00c2                  _IPC15 = 0xc2
                    0x00c2                  _IPC15bits = 0xc2
                    0x00c4                  IPC16 = 0xc4
                    0x00c4                  _IPC16 = 0xc4
                    0x00c4                  _IPC16bits = 0xc4
                    0x00c8                  IPC18 = 0xc8
                    0x00c8                  _IPC18 = 0xc8
                    0x00c8                  _IPC18bits = 0xc8
                    0x00ca                  IPC19 = 0xca
                    0x00ca                  _IPC19 = 0xca
                    0x00ca                  _IPC19bits = 0xca
                    0x00cc                  IPC20 = 0xcc
                    0x00cc                  _IPC20 = 0xcc
                    0x00cc                  _IPC20bits = 0xcc
                    0x00ce                  IPC21 = 0xce
                    0x00ce                  _IPC21 = 0xce
                    0x00ce                  _IPC21bits = 0xce
                    0x00d0                  IPC22 = 0xd0
                    0x00d0                  _IPC22 = 0xd0
                    0x00d0                  _IPC22bits = 0xd0
                    0x00d2                  IPC23 = 0xd2
                    0x00d2                  _IPC23 = 0xd2
                    0x00d2                  _IPC23bits = 0xd2
                    0x00d6                  IPC25 = 0xd6
                    0x00d6                  _IPC25 = 0xd6
                    0x00d6                  _IPC25bits = 0xd6
                    0x00e0                  INTTREG = 0xe0
                    0x00e0                  _INTTREG = 0xe0
                    0x00e0                  _INTTREGbits = 0xe0
                    0x0100                  TMR1 = 0x100
                    0x0100                  _TMR1 = 0x100
                    0x0102                  PR1 = 0x102
                    0x0102                  _PR1 = 0x102
                    0x0104                  T1CON = 0x104
                    0x0104                  _T1CON = 0x104
                    0x0104                  _T1CONbits = 0x104
                    0x0106                  TMR2 = 0x106
                    0x0106                  _TMR2 = 0x106
                    0x0108                  TMR3HLD = 0x108
                    0x0108                  _TMR3HLD = 0x108
                    0x010a                  TMR3 = 0x10a
                    0x010a                  _TMR3 = 0x10a
                    0x010c                  PR2 = 0x10c
                    0x010c                  _PR2 = 0x10c
                    0x010e                  PR3 = 0x10e
                    0x010e                  _PR3 = 0x10e
                    0x0110                  T2CON = 0x110
                    0x0110                  _T2CON = 0x110
                    0x0110                  _T2CONbits = 0x110
                    0x0112                  T3CON = 0x112
                    0x0112                  _T3CON = 0x112
                    0x0112                  _T3CONbits = 0x112
                    0x0114                  TMR4 = 0x114
                    0x0114                  _TMR4 = 0x114
                    0x0116                  TMR5HLD = 0x116
                    0x0116                  _TMR5HLD = 0x116
                    0x0118                  TMR5 = 0x118
                    0x0118                  _TMR5 = 0x118
                    0x011a                  PR4 = 0x11a
                    0x011a                  _PR4 = 0x11a
                    0x011c                  PR5 = 0x11c
                    0x011c                  _PR5 = 0x11c
                    0x011e                  T4CON = 0x11e
                    0x011e                  _T4CON = 0x11e
                    0x011e                  _T4CONbits = 0x11e
                    0x0120                  T5CON = 0x120
                    0x0120                  _T5CON = 0x120
                    0x0120                  _T5CONbits = 0x120
                    0x0140                  IC1CON1 = 0x140
                    0x0140                  _IC1CON1 = 0x140
                    0x0140                  _IC1CON1bits = 0x140
                    0x0142                  IC1CON2 = 0x142
                    0x0142                  _IC1CON2 = 0x142
                    0x0142                  _IC1CON2bits = 0x142
                    0x0144                  IC1BUF = 0x144
                    0x0144                  _IC1BUF = 0x144
                    0x0146                  IC1TMR = 0x146
                    0x0146                  _IC1TMR = 0x146
                    0x0148                  IC2CON1 = 0x148
                    0x0148                  _IC2CON1 = 0x148
                    0x0148                  _IC2CON1bits = 0x148
                    0x014a                  IC2CON2 = 0x14a
                    0x014a                  _IC2CON2 = 0x14a
                    0x014a                  _IC2CON2bits = 0x14a
                    0x014c                  IC2BUF = 0x14c
                    0x014c                  _IC2BUF = 0x14c